Archive member included to satisfy reference by file (symbol)

E:\Lab5\stm32f429i-disco_stdperiph_lib\Debug\libstm32f429i-disco_stdperiph_lib.a(stm32f429i_discovery.o)
                              src/main.o (STM_EVAL_PBInit)
E:\Lab5\stm32f429i-disco_stdperiph_lib\Debug\libstm32f429i-disco_stdperiph_lib.a(misc.o)
                              src/USART.o (NVIC_Init)
E:\Lab5\stm32f429i-disco_stdperiph_lib\Debug\libstm32f429i-disco_stdperiph_lib.a(stm32f4xx_dma.o)
                              E:\Lab5\stm32f429i-disco_stdperiph_lib\Debug\libstm32f429i-disco_stdperiph_lib.a(stm32f429i_discovery.o) (DMA_DeInit)
E:\Lab5\stm32f429i-disco_stdperiph_lib\Debug\libstm32f429i-disco_stdperiph_lib.a(stm32f4xx_exti.o)
                              E:\Lab5\stm32f429i-disco_stdperiph_lib\Debug\libstm32f429i-disco_stdperiph_lib.a(stm32f429i_discovery.o) (EXTI_Init)
E:\Lab5\stm32f429i-disco_stdperiph_lib\Debug\libstm32f429i-disco_stdperiph_lib.a(stm32f4xx_gpio.o)
                              src/USART.o (GPIO_Init)
E:\Lab5\stm32f429i-disco_stdperiph_lib\Debug\libstm32f429i-disco_stdperiph_lib.a(stm32f4xx_i2c.o)
                              E:\Lab5\stm32f429i-disco_stdperiph_lib\Debug\libstm32f429i-disco_stdperiph_lib.a(stm32f429i_discovery.o) (I2C_DeInit)
E:\Lab5\stm32f429i-disco_stdperiph_lib\Debug\libstm32f429i-disco_stdperiph_lib.a(stm32f4xx_rcc.o)
                              E:\Lab5\stm32f429i-disco_stdperiph_lib\Debug\libstm32f429i-disco_stdperiph_lib.a(stm32f4xx_i2c.o) (RCC_GetClocksFreq)
E:\Lab5\stm32f429i-disco_stdperiph_lib\Debug\libstm32f429i-disco_stdperiph_lib.a(stm32f4xx_syscfg.o)
                              E:\Lab5\stm32f429i-disco_stdperiph_lib\Debug\libstm32f429i-disco_stdperiph_lib.a(stm32f429i_discovery.o) (SYSCFG_EXTILineConfig)
E:\Lab5\stm32f429i-disco_stdperiph_lib\Debug\libstm32f429i-disco_stdperiph_lib.a(stm32f4xx_usart.o)
                              src/USART.o (USART_Init)
c:/ac6/systemworkbench/plugins/fr.ac6.mcu.externaltools.arm-none.win32_1.7.0.201602121829/tools/compiler/bin/../lib/gcc/arm-none-eabi/5.2.1/armv7e-m/fpu\libgcc.a(_arm_addsubdf3.o)
                              src/value.o (__aeabi_l2d)
c:/ac6/systemworkbench/plugins/fr.ac6.mcu.externaltools.arm-none.win32_1.7.0.201602121829/tools/compiler/bin/../lib/gcc/arm-none-eabi/5.2.1/armv7e-m/fpu\libgcc.a(_arm_cmpdf2.o)
                              src/value.o (__aeabi_dcmpeq)
c:/ac6/systemworkbench/plugins/fr.ac6.mcu.externaltools.arm-none.win32_1.7.0.201602121829/tools/compiler/bin/../lib/gcc/arm-none-eabi/5.2.1/armv7e-m/fpu\libgcc.a(_aeabi_uldivmod.o)
                              src/main.o (__aeabi_uldivmod)
c:/ac6/systemworkbench/plugins/fr.ac6.mcu.externaltools.arm-none.win32_1.7.0.201602121829/tools/compiler/bin/../lib/gcc/arm-none-eabi/5.2.1/armv7e-m/fpu\libgcc.a(_udivmoddi4.o)
                              c:/ac6/systemworkbench/plugins/fr.ac6.mcu.externaltools.arm-none.win32_1.7.0.201602121829/tools/compiler/bin/../lib/gcc/arm-none-eabi/5.2.1/armv7e-m/fpu\libgcc.a(_aeabi_uldivmod.o) (__udivmoddi4)
c:/ac6/systemworkbench/plugins/fr.ac6.mcu.externaltools.arm-none.win32_1.7.0.201602121829/tools/compiler/bin/../lib/gcc/arm-none-eabi/5.2.1/armv7e-m/fpu\libgcc.a(_dvmd_tls.o)
                              c:/ac6/systemworkbench/plugins/fr.ac6.mcu.externaltools.arm-none.win32_1.7.0.201602121829/tools/compiler/bin/../lib/gcc/arm-none-eabi/5.2.1/armv7e-m/fpu\libgcc.a(_aeabi_uldivmod.o) (__aeabi_ldiv0)
c:/ac6/systemworkbench/plugins/fr.ac6.mcu.externaltools.arm-none.win32_1.7.0.201602121829/tools/compiler/bin/../lib/gcc/arm-none-eabi/5.2.1/../../../../arm-none-eabi/lib/armv7e-m/fpu\libc.a(lib_a-assert.o)
                              src/dump.o (__assert_func)
c:/ac6/systemworkbench/plugins/fr.ac6.mcu.externaltools.arm-none.win32_1.7.0.201602121829/tools/compiler/bin/../lib/gcc/arm-none-eabi/5.2.1/../../../../arm-none-eabi/lib/armv7e-m/fpu\libc.a(lib_a-errno.o)
                              src/load.o (__errno)
c:/ac6/systemworkbench/plugins/fr.ac6.mcu.externaltools.arm-none.win32_1.7.0.201602121829/tools/compiler/bin/../lib/gcc/arm-none-eabi/5.2.1/../../../../arm-none-eabi/lib/armv7e-m/fpu\libc.a(lib_a-exit.o)
                              c:/ac6/systemworkbench/plugins/fr.ac6.mcu.externaltools.arm-none.win32_1.7.0.201602121829/tools/compiler/bin/../lib/gcc/arm-none-eabi/5.2.1/../../../../arm-none-eabi/lib/armv7e-m/fpu/crt0.o (exit)
c:/ac6/systemworkbench/plugins/fr.ac6.mcu.externaltools.arm-none.win32_1.7.0.201602121829/tools/compiler/bin/../lib/gcc/arm-none-eabi/5.2.1/../../../../arm-none-eabi/lib/armv7e-m/fpu\libc.a(lib_a-fclose.o)
                              src/dump.o (fclose)
c:/ac6/systemworkbench/plugins/fr.ac6.mcu.externaltools.arm-none.win32_1.7.0.201602121829/tools/compiler/bin/../lib/gcc/arm-none-eabi/5.2.1/../../../../arm-none-eabi/lib/armv7e-m/fpu\libc.a(lib_a-fflush.o)
[...]
Memory Configuration

Name             Origin             Length             Attributes
FLASH            0x08000000         0x00200000         xr
RAM              0x20000000         0x00030000         xrw
CCMRAM           0x10000000         0x00010000         rw
*default*        0x00000000         0xffffffff

Linker script and memory map

LOAD c:/ac6/systemworkbench/plugins/fr.ac6.mcu.externaltools.arm-none.win32_1.7.0.201602121829/tools/compiler/bin/../lib/gcc/arm-none-eabi/5.2.1/armv7e-m/fpu/crti.o
LOAD c:/ac6/systemworkbench/plugins/fr.ac6.mcu.externaltools.arm-none.win32_1.7.0.201602121829/tools/compiler/bin/../lib/gcc/arm-none-eabi/5.2.1/armv7e-m/fpu/crtbegin.o
LOAD c:/ac6/systemworkbench/plugins/fr.ac6.mcu.externaltools.arm-none.win32_1.7.0.201602121829/tools/compiler/bin/../lib/gcc/arm-none-eabi/5.2.1/../../../../arm-none-eabi/lib/armv7e-m/fpu/crt0.o
LOAD c:/ac6/systemworkbench/plugins/fr.ac6.mcu.externaltools.arm-none.win32_1.7.0.201602121829/tools/compiler/bin/../lib/gcc/arm-none-eabi/5.2.1/../../../../arm-none-eabi/lib/armv7e-m/fpu\libm.a
LOAD startup/startup_stm32f429_439xx.o
LOAD src/USART.o
LOAD src/circ_buff.o
LOAD src/dump.o
LOAD src/error.o
LOAD src/hashtable.o
LOAD src/hashtable_seed.o
LOAD src/json_coms.o
LOAD src/load.o
LOAD src/main.o
LOAD src/memory.o
LOAD src/pack_unpack.o
LOAD src/strbuffer.o
LOAD src/strconv.o
LOAD src/syscalls.o
LOAD src/system_stm32f4xx.o
LOAD src/utf.o
LOAD src/value.o
LOAD E:\Lab5\stm32f429i-disco_stdperiph_lib\Debug\libstm32f429i-disco_stdperiph_lib.a
START GROUP
LOAD c:/ac6/systemworkbench/plugins/fr.ac6.mcu.externaltools.arm-none.win32_1.7.0.201602121829/tools/compiler/bin/../lib/gcc/arm-none-eabi/5.2.1/armv7e-m/fpu\libgcc.a
LOAD c:/ac6/systemworkbench/plugins/fr.ac6.mcu.externaltools.arm-none.win32_1.7.0.201602121829/tools/compiler/bin/../lib/gcc/arm-none-eabi/5.2.1/../../../../arm-none-eabi/lib/armv7e-m/fpu\libc.a
END GROUP
LOAD c:/ac6/systemworkbench/plugins/fr.ac6.mcu.externaltools.arm-none.win32_1.7.0.201602121829/tools/compiler/bin/../lib/gcc/arm-none-eabi/5.2.1/armv7e-m/fpu/crtend.o
LOAD c:/ac6/systemworkbench/plugins/fr.ac6.mcu.externaltools.arm-none.win32_1.7.0.201602121829/tools/compiler/bin/../lib/gcc/arm-none-eabi/5.2.1/armv7e-m/fpu/crtn.o
                0x20030000                _estack = 0x20030000
                0x00000200                _Min_Heap_Size = 0x200
                0x00000400                _Min_Stack_Size = 0x400

.isr_vector     0x08000000      0x1ac
                0x08000000                . = ALIGN (0x4)
 *(.isr_vector)
 .isr_vector    0x08000000      0x1ac startup/startup_stm32f429_439xx.o
                0x08000000                g_pfnVectors
                0x080001ac                . = ALIGN (0x4)

.text           0x080001c0     0xed5c
                0x080001c0                . = ALIGN (0x4)
 *(.text)
 .text          0x080001c0       0xa4 c:/ac6/systemworkbench/plugins/fr.ac6.mcu.externaltools.arm-none.win32_1.7.0.201602121829/tools/compiler/bin/../lib/gcc/arm-none-eabi/5.2.1/armv7e-m/fpu/crtbegin.o
 .text          0x08000264      0x370 c:/ac6/systemworkbench/plugins/fr.ac6.mcu.externaltools.arm-none.win32_1.7.0.201602121829/tools/compiler/bin/../lib/gcc/arm-none-eabi/5.2.1/armv7e-m/fpu\libgcc.a(_arm_addsubdf3.o)
                0x08000264                __aeabi_drsub
                0x0800026c                __aeabi_dsub
                0x0800026c                __subdf3
                0x08000270                __aeabi_dadd
                0x08000270                __adddf3
                0x080004e8                __floatunsidf
                0x080004e8                __aeabi_ui2d
                0x08000508                __floatsidf
                0x08000508                __aeabi_i2d
                0x0800052c                __aeabi_f2d
                0x0800052c                __extendsfdf2
                0x08000568                __floatundidf
                0x08000568                __aeabi_ul2d
                0x08000578                __floatdidf
                0x08000578                __aeabi_l2d
 .text          0x080005d4      0x110 c:/ac6/systemworkbench/plugins/fr.ac6.mcu.externaltools.arm-none.win32_1.7.0.201602121829/tools/compiler/bin/../lib/gcc/arm-none-eabi/5.2.1/armv7e-m/fpu\libgcc.a(_arm_cmpdf2.o)
                0x080005d4                __gtdf2
                0x080005d4                __gedf2
                0x080005dc                __ltdf2
                0x080005dc                __ledf2
                0x080005e4                __nedf2
                0x080005e4                __eqdf2
                0x080005e4                __cmpdf2
                0x08000660                __aeabi_cdrcmple
                0x08000670                __aeabi_cdcmpeq
                0x08000670                __aeabi_cdcmple
                0x08000680                __aeabi_dcmpeq
                0x08000694                __aeabi_dcmplt
                0x080006a8                __aeabi_dcmple
                0x080006bc                __aeabi_dcmpge
                0x080006d0                __aeabi_dcmpgt
 .text          0x080006e4       0x30 c:/ac6/systemworkbench/plugins/fr.ac6.mcu.externaltools.arm-none.win32_1.7.0.201602121829/tools/compiler/bin/../lib/gcc/arm-none-eabi/5.2.1/armv7e-m/fpu\libgcc.a(_aeabi_uldivmod.o)
                0x080006e4                __aeabi_uldivmod
 .text          0x08000714      0x2e4 c:/ac6/systemworkbench/plugins/fr.ac6.mcu.externaltools.arm-none.win32_1.7.0.201602121829/tools/compiler/bin/../lib/gcc/arm-none-eabi/5.2.1/armv7e-m/fpu\libgcc.a(_udivmoddi4.o)
                0x08000714                __udivmoddi4
 .text          0x080009f8        0x4 c:/ac6/systemworkbench/plugins/fr.ac6.mcu.externaltools.arm-none.win32_1.7.0.201602121829/tools/compiler/bin/../lib/gcc/arm-none-eabi/5.2.1/armv7e-m/fpu\libgcc.a(_dvmd_tls.o)
                0x080009f8                __aeabi_idiv0
                0x080009f8                __aeabi_ldiv0
 *fill*         0x080009fc        0x4 
 .text          0x08000a00       0xa0 c:/ac6/systemworkbench/plugins/fr.ac6.mcu.externaltools.arm-none.win32_1.7.0.201602121829/tools/compiler/bin/../lib/gcc/arm-none-eabi/5.2.1/../../../../arm-none-eabi/lib/armv7e-m/fpu\libc.a(lib_a-memchr.o)
                0x08000a00                memchr
 .text          0x08000aa0      0x134 c:/ac6/systemworkbench/plugins/fr.ac6.mcu.externaltools.arm-none.win32_1.7.0.201602121829/tools/compiler/bin/../lib/gcc/arm-none-eabi/5.2.1/../../../../arm-none-eabi/lib/armv7e-m/fpu\libc.a(lib_a-memcpy.o)
                0x08000aa0                memcpy
 *fill*         0x08000bd4        0xc 
 .text          0x08000be0      0x2dc c:/ac6/systemworkbench/plugins/fr.ac6.mcu.externaltools.arm-none.win32_1.7.0.201602121829/tools/compiler/bin/../lib/gcc/arm-none-eabi/5.2.1/../../../../arm-none-eabi/lib/armv7e-m/fpu\libc.a(lib_a-strcmp.o)
                0x08000be8                strcmp
 *fill*         0x08000ebc        0x4 
 .text          0x08000ec0       0xdc c:/ac6/systemworkbench/plugins/fr.ac6.mcu.externaltools.arm-none.win32_1.7.0.201602121829/tools/compiler/bin/../lib/gcc/arm-none-eabi/5.2.1/../../../../arm-none-eabi/lib/armv7e-m/fpu\libc.a(lib_a-strlen.o)
                0x08000ec0                strlen
 .text          0x08000f9c      0x424 c:/ac6/systemworkbench/plugins/fr.ac6.mcu.externaltools.arm-none.win32_1.7.0.201602121829/tools/compiler/bin/../lib/gcc/arm-none-eabi/5.2.1/armv7e-m/fpu\libgcc.a(_arm_muldivdf3.o)
                0x08000f9c                __aeabi_dmul
                0x08000f9c                __muldf3
                0x080011f0                __divdf3
                0x080011f0                __aeabi_ddiv
 .text          0x080013c0       0x50 c:/ac6/systemworkbench/plugins/fr.ac6.mcu.externaltools.arm-none.win32_1.7.0.201602121829/tools/compiler/bin/../lib/gcc/arm-none-eabi/5.2.1/armv7e-m/fpu\libgcc.a(_arm_fixdfsi.o)
                0x080013c0                __aeabi_d2iz
                0x080013c0                __fixdfsi
 .text          0x08001410       0x40 c:/ac6/systemworkbench/plugins/fr.ac6.mcu.externaltools.arm-none.win32_1.7.0.201602121829/tools/compiler/bin/../lib/gcc/arm-none-eabi/5.2.1/armv7e-m/fpu\libgcc.a(_arm_fixunsdfsi.o)
                0x08001410                __aeabi_d2uiz
                0x08001410                __fixunsdfsi
 *(.text*)
 .text.Reset_Handler
                0x08001450       0x48 startup/startup_stm32f429_439xx.o
                0x08001450                Reset_Handler
 .text.Default_Handler
                0x08001498        0x2 startup/startup_stm32f429_439xx.o
                0x08001498                RTC_Alarm_IRQHandler
                0x08001498                HASH_RNG_IRQHandler
                0x08001498                EXTI2_IRQHandler
                0x08001498                TIM8_CC_IRQHandler
                0x08001498                DebugMon_Handler
                0x08001498                UART8_IRQHandler
                0x08001498                SPI4_IRQHandler
                0x08001498                TIM1_CC_IRQHandler
                0x08001498                DMA2_Stream5_IRQHandler
                0x08001498                HardFault_Handler
                0x08001498                DMA1_Stream5_IRQHandler
                0x08001498                PVD_IRQHandler
                0x08001498                SDIO_IRQHandler
                0x08001498                TAMP_STAMP_IRQHandler
                0x08001498                PendSV_Handler
                0x08001498                NMI_Handler
                0x08001498                CAN2_RX1_IRQHandler
                0x08001498                EXTI3_IRQHandler
                0x08001498                TIM8_TRG_COM_TIM14_IRQHandler
                0x08001498                TIM1_UP_TIM10_IRQHandler
                0x08001498                TIM8_UP_TIM13_IRQHandler
                0x08001498                I2C3_ER_IRQHandler
                0x08001498                EXTI0_IRQHandler
                0x08001498                I2C2_EV_IRQHandler
                0x08001498                DMA1_Stream2_IRQHandler
                0x08001498                CAN1_RX0_IRQHandler
                0x08001498                FPU_IRQHandler
                0x08001498                OTG_HS_WKUP_IRQHandler
                0x08001498                UsageFault_Handler
                0x08001498                LTDC_ER_IRQHandler
                0x08001498                CAN2_SCE_IRQHandler
                0x08001498                DMA2_Stream2_IRQHandler
                0x08001498                SPI1_IRQHandler
                0x08001498                TIM6_DAC_IRQHandler
                0x08001498                TIM1_BRK_TIM9_IRQHandler
                0x08001498                DCMI_IRQHandler
                0x08001498                CAN2_RX0_IRQHandler
                0x08001498                DMA2_Stream3_IRQHandler
                0x08001498                USART3_IRQHandler
                0x08001498                CRYP_IRQHandler
                0x08001498                CAN1_RX1_IRQHandler
                0x08001498                UART5_IRQHandler
                0x08001498                DMA2_Stream0_IRQHandler
                0x08001498                TIM4_IRQHandler
                0x08001498                I2C1_EV_IRQHandler
                0x08001498                DMA1_Stream6_IRQHandler
                0x08001498                DMA1_Stream1_IRQHandler
                0x08001498                UART4_IRQHandler
                0x08001498                TIM3_IRQHandler
                0x08001498                RCC_IRQHandler
                0x08001498                TIM8_BRK_TIM12_IRQHandler
                0x08001498                Default_Handler
                0x08001498                EXTI15_10_IRQHandler
                0x08001498                ADC_IRQHandler
                0x08001498                DMA1_Stream7_IRQHandler
                0x08001498                SPI5_IRQHandler
                0x08001498                TIM7_IRQHandler
                0x08001498                CAN2_TX_IRQHandler
                0x08001498                TIM5_IRQHandler
                0x08001498                DMA2_Stream7_IRQHandler
                0x08001498                I2C3_EV_IRQHandler
                0x08001498                EXTI9_5_IRQHandler
                0x08001498                RTC_WKUP_IRQHandler
                0x08001498                LTDC_IRQHandler
                0x08001498                ETH_WKUP_IRQHandler
                0x08001498                SPI2_IRQHandler
                0x08001498                OTG_HS_EP1_IN_IRQHandler
                0x08001498                MemManage_Handler
                0x08001498                DMA1_Stream0_IRQHandler
                0x08001498                CAN1_TX_IRQHandler
                0x08001498                SVC_Handler
                0x08001498                EXTI4_IRQHandler
                0x08001498                FSMC_IRQHandler
                0x08001498                ETH_IRQHandler
                0x08001498                OTG_HS_EP1_OUT_IRQHandler
                0x08001498                WWDG_IRQHandler
                0x08001498                SPI6_IRQHandler
                0x08001498                TIM2_IRQHandler
                0x08001498                OTG_FS_WKUP_IRQHandler
                0x08001498                TIM1_TRG_COM_TIM11_IRQHandler
                0x08001498                OTG_HS_IRQHandler
                0x08001498                DMA2D_IRQHandler
                0x08001498                EXTI1_IRQHandler
                0x08001498                UART7_IRQHandler
                0x08001498                USART2_IRQHandler
                0x08001498                I2C2_ER_IRQHandler
                0x08001498                DMA2_Stream1_IRQHandler
                0x08001498                CAN1_SCE_IRQHandler
                0x08001498                FLASH_IRQHandler
                0x08001498                DMA2_Stream4_IRQHandler
                0x08001498                BusFault_Handler
                0x08001498                USART1_IRQHandler
                0x08001498                OTG_FS_IRQHandler
                0x08001498                SPI3_IRQHandler
                0x08001498                DMA1_Stream4_IRQHandler
                0x08001498                I2C1_ER_IRQHandler
                0x08001498                DMA2_Stream6_IRQHandler
                0x08001498                SAI1_IRQHandler
                0x08001498                DMA1_Stream3_IRQHandler
 *fill*         0x0800149a        0x2 
 .text.InitUSART6
                0x0800149c       0xcc src/USART.o
                0x0800149c                InitUSART6
 .text.InitBuffer
                0x08001568       0x2c src/circ_buff.o
                0x08001568                InitBuffer
 .text.haveStr  0x08001594       0x98 src/circ_buff.o
                0x08001594                haveStr
 .text.putChar  0x0800162c       0x38 src/circ_buff.o
                0x0800162c                putChar
 .text.getChar  0x08001664       0x40 src/circ_buff.o
                0x08001664                getChar
 .text.putTxStr
                0x080016a4       0x4c src/circ_buff.o
                0x080016a4                putTxStr
 .text.getRxStr
                0x080016f0       0x60 src/circ_buff.o
                0x080016f0                getRxStr
 .text.update_size
                0x08001750       0x3c src/circ_buff.o
                0x08001750                update_size
 .text.dump_to_strbuffer
                0x0800178c       0x20 src/dump.o
 .text.dump_indent
                0x080017ac       0xa4 src/dump.o
 .text.dump_string
                0x08001850      0x1ec src/dump.o
 .text.object_key_compare_keys
                0x08001a3c       0x24 src/dump.o
 .text.object_key_compare_serials
                0x08001a60       0x40 src/dump.o
 .text.do_dump  0x08001aa0      0x644 src/dump.o
 .text.json_dumps
                0x080020e4       0x64 src/dump.o
                0x080020e4                json_dumps
 .text.json_dump_callback
                0x08002148       0x54 src/dump.o
                0x08002148                json_dump_callback
 .text.jsonp_error_init
                0x0800219c       0x4c src/error.o
                0x0800219c                jsonp_error_init
 .text.jsonp_error_set_source
                0x080021e8       0x74 src/error.o
                0x080021e8                jsonp_error_set_source
 .text.jsonp_error_set
                0x0800225c       0x30 src/error.o
                0x0800225c                jsonp_error_set
 .text.jsonp_error_vset
                0x0800228c       0x58 src/error.o
                0x0800228c                jsonp_error_vset
 .text.json_decref
                0x080022e4       0x38 src/hashtable.o
 .text.hashlittle
                0x0800231c      0x318 src/hashtable.o
 .text.list_init
                0x08002634       0x20 src/hashtable.o
 .text.list_insert
                0x08002654       0x34 src/hashtable.o
 .text.bucket_is_empty
                0x08002688       0x34 src/hashtable.o
 .text.insert_to_bucket
                0x080026bc       0x50 src/hashtable.o
 .text.hashtable_find_pair
                0x0800270c       0x68 src/hashtable.o
 .text.hashtable_do_clear
                0x08002774       0x44 src/hashtable.o
 .text.hashtable_do_rehash
                0x080027b8       0xdc src/hashtable.o
 .text.hashtable_init
                0x08002894       0x84 src/hashtable.o
                0x08002894                hashtable_init
 .text.hashtable_close
                0x08002918       0x20 src/hashtable.o
                0x08002918                hashtable_close
 .text.hashtable_set
                0x08002938      0x108 src/hashtable.o
                0x08002938                hashtable_set
 .text.hashtable_get
                0x08002a40       0x64 src/hashtable.o
                0x08002a40                hashtable_get
 .text.hashtable_iter
                0x08002aa4       0x20 src/hashtable.o
                0x08002aa4                hashtable_iter
 .text.hashtable_iter_next
                0x08002ac4       0x30 src/hashtable.o
                0x08002ac4                hashtable_iter_next
 .text.hashtable_iter_key
                0x08002af4       0x1c src/hashtable.o
                0x08002af4                hashtable_iter_key
 .text.hashtable_iter_serial
                0x08002b10       0x1c src/hashtable.o
                0x08002b10                hashtable_iter_serial
 .text.hashtable_iter_value
                0x08002b2c       0x1c src/hashtable.o
                0x08002b2c                hashtable_iter_value
 .text.seed_from_timestamp_and_pid
                0x08002b48       0x20 src/hashtable_seed.o
 .text.generate_seed
                0x08002b68       0x2c src/hashtable_seed.o
 .text.json_object_seed
                0x08002b94       0x34 src/hashtable_seed.o
                0x08002b94                json_object_seed
 .text.setup_wifi_
                0x08002bc8       0x80 src/json_coms.o
                0x08002bc8                setup_wifi_
 .text.setup_MQTT_
                0x08002c48       0x80 src/json_coms.o
                0x08002c48                setup_MQTT_
 .text.setup_MQTT_Subs_
                0x08002cc8       0x80 src/json_coms.o
                0x08002cc8                setup_MQTT_Subs_
 .text.publish  0x08002d48       0x94 src/json_coms.o
                0x08002d48                publish
 .text.wifi_success_
                0x08002ddc       0xe4 src/json_coms.o
                0x08002ddc                wifi_success_
 .text.MQTT_success_
                0x08002ec0      0x100 src/json_coms.o
                0x08002ec0                MQTT_success_
 .text.SUBS_success_
                0x08002fc0       0xf0 src/json_coms.o
                0x08002fc0                SUBS_success_
 .text.publish_success_
                0x080030b0       0xd8 src/json_coms.o
                0x080030b0                publish_success_
 .text.startup_success_
                0x08003188       0x94 src/json_coms.o
                0x08003188                startup_success_
 .text.json_incref
                0x0800321c       0x30 src/load.o
 .text.json_decref
                0x0800324c       0x38 src/load.o
 .text.json_object_set_nocheck
                0x08003284       0x28 src/load.o
 .text.json_array_append
                0x080032ac       0x24 src/load.o
 .text.error_set
                0x080032d0      0x148 src/load.o
 .text.stream_init
                0x08003418       0x48 src/load.o
 .text.stream_get
                0x08003460      0x170 src/load.o
 .text.stream_unget
                0x080035d0       0xac src/load.o
 .text.lex_get  0x0800367c       0x20 src/load.o
 .text.lex_save
                0x0800369c       0x24 src/load.o
 .text.lex_get_save
                0x080036c0       0x38 src/load.o
 .text.lex_unget
                0x080036f8       0x1c src/load.o
 .text.lex_unget_unsave
                0x08003714       0x5c src/load.o
 .text.lex_save_cached
                0x08003770       0x48 src/load.o
 .text.lex_free_string
                0x080037b8       0x28 src/load.o
 .text.decode_unicode_escape
                0x080037e0       0xa8 src/load.o
 .text.lex_scan_string
                0x08003888      0x390 src/load.o
 .text.lex_scan_number
                0x08003c18      0x22c src/load.o
 .text.lex_scan
                0x08003e44      0x194 src/load.o
 .text.lex_steal_string
                0x08003fd8       0x40 src/load.o
 .text.lex_init
                0x08004018       0x48 src/load.o
 .text.lex_close
                0x08004060       0x2c src/load.o
 .text.parse_object
                0x0800408c      0x174 src/load.o
 .text.parse_array
                0x08004200       0xb0 src/load.o
 .text.parse_value
                0x080042b0      0x144 src/load.o
 .text.parse_json
                0x080043f4       0xa4 src/load.o
 .text.string_get
                0x08004498       0x40 src/load.o
 .text.json_loads
                0x080044d8       0x7c src/load.o
                0x080044d8                json_loads
 .text.NVIC_SetPriority
                0x08004554       0x54 src/main.o
 .text.SysTick_Config
                0x080045a8       0x44 src/main.o
 .text.main     0x080045ec      0x3f8 src/main.o
                0x080045ec                main
 .text.SysTick_Handler
                0x080049e4       0x1c src/main.o
                0x080049e4                SysTick_Handler
 .text.USART6_IRQHandler
                0x08004a00       0x7c src/main.o
                0x08004a00                USART6_IRQHandler
 *fill*         0x08004a7c        0x4 
 .text._gettimeofday
                0x08004a80       0x7c src/main.o
                0x08004a80                _gettimeofday
 .text.time_out
                0x08004afc       0x38 src/main.o
                0x08004afc                time_out
 .text.jsonp_malloc
                0x08004b34       0x28 src/memory.o
                0x08004b34                jsonp_malloc
 .text.jsonp_free
                0x08004b5c       0x24 src/memory.o
                0x08004b5c                jsonp_free
 .text.jsonp_strdup
                0x08004b80       0x24 src/memory.o
                0x08004b80                jsonp_strdup
 .text.jsonp_strndup
                0x08004ba4       0x40 src/memory.o
                0x08004ba4                jsonp_strndup
 .text.json_incref
                0x08004be4       0x30 src/pack_unpack.o
 .text.json_decref
                0x08004c14       0x38 src/pack_unpack.o
 .text.scanner_init
                0x08004c4c       0x6c src/pack_unpack.o
 .text.next_token
                0x08004cb8       0xe8 src/pack_unpack.o
 .text.prev_token
                0x08004da0       0x34 src/pack_unpack.o
 .text.set_error
                0x08004dd4       0x4c src/pack_unpack.o
 .text.read_string
                0x08004e20      0x1b8 src/pack_unpack.o
 .text.pack_object
                0x08004fd8      0x10c src/pack_unpack.o
 .text.pack_array
                0x080050e4       0x90 src/pack_unpack.o
 .text.pack_string
                0x08005174       0x8c src/pack_unpack.o
 .text.pack     0x08005200      0x258 src/pack_unpack.o
 .text.json_vpack_ex
                0x08005458       0xbc src/pack_unpack.o
                0x08005458                json_vpack_ex
 .text.json_pack
                0x08005514       0x2c src/pack_unpack.o
                0x08005514                json_pack
 .text.strbuffer_init
                0x08005540       0x44 src/strbuffer.o
                0x08005540                strbuffer_init
 .text.strbuffer_close
                0x08005584       0x34 src/strbuffer.o
                0x08005584                strbuffer_close
 .text.strbuffer_clear
                0x080055b8       0x24 src/strbuffer.o
                0x080055b8                strbuffer_clear
 .text.strbuffer_value
                0x080055dc       0x18 src/strbuffer.o
                0x080055dc                strbuffer_value
 .text.strbuffer_steal_value
                0x080055f4       0x24 src/strbuffer.o
                0x080055f4                strbuffer_steal_value
 .text.strbuffer_append_byte
                0x08005618       0x24 src/strbuffer.o
                0x08005618                strbuffer_append_byte
 .text.strbuffer_append_bytes
                0x0800563c       0xcc src/strbuffer.o
                0x0800563c                strbuffer_append_bytes
 .text.strbuffer_pop
                0x08005708       0x48 src/strbuffer.o
                0x08005708                strbuffer_pop
 .text.to_locale
                0x08005750       0x40 src/strconv.o
 .text.from_locale
                0x08005790       0x40 src/strconv.o
 .text.jsonp_strtod
                0x080057d0       0xac src/strconv.o
                0x080057d0                jsonp_strtod
 .text.jsonp_dtostr
                0x0800587c      0x11c src/strconv.o
                0x0800587c                jsonp_dtostr
 .text._getpid  0x08005998       0x10 src/syscalls.o
                0x08005998                _getpid
 .text._kill    0x080059a8       0x20 src/syscalls.o
                0x080059a8                _kill
 .text._exit    0x080059c8       0x14 src/syscalls.o
                0x080059c8                _exit
 .text._read    0x080059dc       0x3c src/syscalls.o
                0x080059dc                _read
 .text._write   0x08005a18       0x38 src/syscalls.o
                0x08005a18                _write
 .text._sbrk    0x08005a50       0x58 src/syscalls.o
                0x08005a50                _sbrk
 .text._close   0x08005aa8       0x18 src/syscalls.o
                0x08005aa8                _close
 .text._fstat   0x08005ac0       0x20 src/syscalls.o
                0x08005ac0                _fstat
 .text._isatty  0x08005ae0       0x18 src/syscalls.o
                0x08005ae0                _isatty
 .text._lseek   0x08005af8       0x1c src/syscalls.o
                0x08005af8                _lseek
 .text.SystemInit
                0x08005b14       0x6c src/system_stm32f4xx.o
                0x08005b14                SystemInit
 .text.SystemCoreClockUpdate
                0x08005b80       0xfc src/system_stm32f4xx.o
                0x08005b80                SystemCoreClockUpdate
 .text.SetSysClock
                0x08005c7c      0x12c src/system_stm32f4xx.o
 .text.utf8_encode
                0x08005da8      0x12c src/utf.o
                0x08005da8                utf8_encode
 .text.utf8_check_first
                0x08005ed4       0x7c src/utf.o
                0x08005ed4                utf8_check_first
 .text.utf8_check_full
                0x08005f50       0xf0 src/utf.o
                0x08005f50                utf8_check_full
 .text.utf8_iterate
                0x08006040       0x74 src/utf.o
                0x08006040                utf8_iterate
 .text.utf8_check_string
                0x080060b4       0x7c src/utf.o
                0x080060b4                utf8_check_string
 .text.json_decref
                0x08006130       0x38 src/value.o
 .text.json_init
                0x08006168       0x24 src/value.o
 .text.json_object
                0x0800618c       0x64 src/value.o
                0x0800618c                json_object
 .text.json_delete_object
                0x080061f0       0x20 src/value.o
 .text.json_object_size
                0x08006210       0x30 src/value.o
                0x08006210                json_object_size
 .text.json_object_get
                0x08006240       0x3c src/value.o
                0x08006240                json_object_get
 .text.json_object_set_new_nocheck
                0x0800627c       0x78 src/value.o
                0x0800627c                json_object_set_new_nocheck
 .text.json_object_iter
                0x080062f4       0x34 src/value.o
                0x080062f4                json_object_iter
 .text.json_object_iter_next
                0x08006328       0x3c src/value.o
                0x08006328                json_object_iter_next
 .text.json_object_iter_key
                0x08006364       0x24 src/value.o
                0x08006364                json_object_iter_key
 .text.json_object_iter_value
                0x08006388       0x24 src/value.o
                0x08006388                json_object_iter_value
 .text.json_array
                0x080063ac       0x64 src/value.o
                0x080063ac                json_array
 .text.json_delete_array
                0x08006410       0x48 src/value.o
 .text.json_array_size
                0x08006458       0x2c src/value.o
                0x08006458                json_array_size
 .text.json_array_get
                0x08006484       0x48 src/value.o
                0x08006484                json_array_get
 .text.array_copy
                0x080064cc       0x30 src/value.o
 .text.json_array_grow
                0x080064fc       0x90 src/value.o
 .text.json_array_append_new
                0x0800658c       0x7c src/value.o
                0x0800658c                json_array_append_new
 .text.string_create
                0x08006608       0x74 src/value.o
 .text.json_stringn_nocheck
                0x0800667c       0x20 src/value.o
                0x0800667c                json_stringn_nocheck
 .text.jsonp_stringn_nocheck_own
                0x0800669c       0x20 src/value.o
                0x0800669c                jsonp_stringn_nocheck_own
 .text.json_string_value
                0x080066bc       0x2c src/value.o
                0x080066bc                json_string_value
 .text.json_string_length
                0x080066e8       0x2c src/value.o
                0x080066e8                json_string_length
 .text.json_delete_string
                0x08006714       0x20 src/value.o
 .text.json_integer
                0x08006734       0x3c src/value.o
                0x08006734                json_integer
 .text.json_integer_value
                0x08006770       0x34 src/value.o
                0x08006770                json_integer_value
 .text.json_delete_integer
                0x080067a4       0x18 src/value.o
 .text.json_real
                0x080067bc       0x5c src/value.o
                0x080067bc                json_real
 .text.json_real_value
                0x08006818       0x3c src/value.o
                0x08006818                json_real_value
 .text.json_delete_real
                0x08006854       0x18 src/value.o
 .text.json_true
                0x0800686c       0x14 src/value.o
                0x0800686c                json_true
 .text.json_false
                0x08006880       0x14 src/value.o
                0x08006880                json_false
 .text.json_null
                0x08006894       0x14 src/value.o
                0x08006894                json_null
 .text.json_delete
                0x080068a8       0x64 src/value.o
                0x080068a8                json_delete
 .text.STM_EVAL_PBInit
                0x0800690c       0x98 E:\Lab5\stm32f429i-disco_stdperiph_lib\Debug\libstm32f429i-disco_stdperiph_lib.a(stm32f429i_discovery.o)
                0x0800690c                STM_EVAL_PBInit
 .text.STM_EVAL_PBGetState
                0x080069a4       0x2c E:\Lab5\stm32f429i-disco_stdperiph_lib\Debug\libstm32f429i-disco_stdperiph_lib.a(stm32f429i_discovery.o)
                0x080069a4                STM_EVAL_PBGetState
 .text.NVIC_Init
                0x080069d0       0xc4 E:\Lab5\stm32f429i-disco_stdperiph_lib\Debug\libstm32f429i-disco_stdperiph_lib.a(misc.o)
                0x080069d0                NVIC_Init
 .text.EXTI_Init
                0x08006a94       0xe4 E:\Lab5\stm32f429i-disco_stdperiph_lib\Debug\libstm32f429i-disco_stdperiph_lib.a(stm32f4xx_exti.o)
                0x08006a94                EXTI_Init
 .text.GPIO_Init
                0x08006b78      0x11c E:\Lab5\stm32f429i-disco_stdperiph_lib\Debug\libstm32f429i-disco_stdperiph_lib.a(stm32f4xx_gpio.o)
                0x08006b78                GPIO_Init
 .text.GPIO_ReadInputDataBit
                0x08006c94       0x34 E:\Lab5\stm32f429i-disco_stdperiph_lib\Debug\libstm32f429i-disco_stdperiph_lib.a(stm32f4xx_gpio.o)
                0x08006c94                GPIO_ReadInputDataBit
 .text.GPIO_PinAFConfig
                0x08006cc8       0x94 E:\Lab5\stm32f429i-disco_stdperiph_lib\Debug\libstm32f429i-disco_stdperiph_lib.a(stm32f4xx_gpio.o)
                0x08006cc8                GPIO_PinAFConfig
 .text.RCC_GetClocksFreq
                0x08006d5c      0x154 E:\Lab5\stm32f429i-disco_stdperiph_lib\Debug\libstm32f429i-disco_stdperiph_lib.a(stm32f4xx_rcc.o)
                0x08006d5c                RCC_GetClocksFreq
 .text.RCC_AHB1PeriphClockCmd
                0x08006eb0       0x40 E:\Lab5\stm32f429i-disco_stdperiph_lib\Debug\libstm32f429i-disco_stdperiph_lib.a(stm32f4xx_rcc.o)
                0x08006eb0                RCC_AHB1PeriphClockCmd
 .text.RCC_APB2PeriphClockCmd
                0x08006ef0       0x40 E:\Lab5\stm32f429i-disco_stdperiph_lib\Debug\libstm32f429i-disco_stdperiph_lib.a(stm32f4xx_rcc.o)
                0x08006ef0                RCC_APB2PeriphClockCmd
 .text.SYSCFG_EXTILineConfig
                0x08006f30       0x84 E:\Lab5\stm32f429i-disco_stdperiph_lib\Debug\libstm32f429i-disco_stdperiph_lib.a(stm32f4xx_syscfg.o)
                0x08006f30                SYSCFG_EXTILineConfig
 .text.USART_Init
                0x08006fb4      0x178 E:\Lab5\stm32f429i-disco_stdperiph_lib\Debug\libstm32f429i-disco_stdperiph_lib.a(stm32f4xx_usart.o)
                0x08006fb4                USART_Init
 .text.USART_Cmd
                0x0800712c       0x40 E:\Lab5\stm32f429i-disco_stdperiph_lib\Debug\libstm32f429i-disco_stdperiph_lib.a(stm32f4xx_usart.o)
                0x0800712c                USART_Cmd
 .text.USART_SendData
                0x0800716c       0x24 E:\Lab5\stm32f429i-disco_stdperiph_lib\Debug\libstm32f429i-disco_stdperiph_lib.a(stm32f4xx_usart.o)
                0x0800716c                USART_SendData
 .text.USART_ReceiveData
                0x08007190       0x20 E:\Lab5\stm32f429i-disco_stdperiph_lib\Debug\libstm32f429i-disco_stdperiph_lib.a(stm32f4xx_usart.o)
                0x08007190                USART_ReceiveData
 .text.USART_ITConfig
                0x080071b0       0x90 E:\Lab5\stm32f429i-disco_stdperiph_lib\Debug\libstm32f429i-disco_stdperiph_lib.a(stm32f4xx_usart.o)
                0x080071b0                USART_ITConfig
 .text.USART_GetFlagStatus
                0x08007240       0x38 E:\Lab5\stm32f429i-disco_stdperiph_lib\Debug\libstm32f429i-disco_stdperiph_lib.a(stm32f4xx_usart.o)
                0x08007240                USART_GetFlagStatus
 .text.USART_GetITStatus
                0x08007278       0xb8 E:\Lab5\stm32f429i-disco_stdperiph_lib\Debug\libstm32f429i-disco_stdperiph_lib.a(stm32f4xx_usart.o)
                0x08007278                USART_GetITStatus
 .text.__assert_func
                0x08007330       0x3c c:/ac6/systemworkbench/plugins/fr.ac6.mcu.externaltools.arm-none.win32_1.7.0.201602121829/tools/compiler/bin/../lib/gcc/arm-none-eabi/5.2.1/../../../../arm-none-eabi/lib/armv7e-m/fpu\libc.a(lib_a-assert.o)
                0x08007330                __assert_func
 .text.__errno  0x0800736c        0xc c:/ac6/systemworkbench/plugins/fr.ac6.mcu.externaltools.arm-none.win32_1.7.0.201602121829/tools/compiler/bin/../lib/gcc/arm-none-eabi/5.2.1/../../../../arm-none-eabi/lib/armv7e-m/fpu\libc.a(lib_a-errno.o)
                0x0800736c                __errno
 .text._fclose_r
                0x08007378       0x84 c:/ac6/systemworkbench/plugins/fr.ac6.mcu.externaltools.arm-none.win32_1.7.0.201602121829/tools/compiler/bin/../lib/gcc/arm-none-eabi/5.2.1/../../../../arm-none-eabi/lib/armv7e-m/fpu\libc.a(lib_a-fclose.o)
                0x08007378                _fclose_r
 .text.__sflush_r
                0x080073fc      0x148 c:/ac6/systemworkbench/plugins/fr.ac6.mcu.externaltools.arm-none.win32_1.7.0.201602121829/tools/compiler/bin/../lib/gcc/arm-none-eabi/5.2.1/../../../../arm-none-eabi/lib/armv7e-m/fpu\libc.a(lib_a-fflush.o)
                0x080073fc                __sflush_r
 .text._fflush_r
                0x08007544       0x2c c:/ac6/systemworkbench/plugins/fr.ac6.mcu.externaltools.arm-none.win32_1.7.0.201602121829/tools/compiler/bin/../lib/gcc/arm-none-eabi/5.2.1/../../../../arm-none-eabi/lib/armv7e-m/fpu\libc.a(lib_a-fflush.o)
                0x08007544                _fflush_r
 .text._cleanup_r
                0x08007570        0xc c:/ac6/systemworkbench/plugins/fr.ac6.mcu.externaltools.arm-none.win32_1.7.0.201602121829/tools/compiler/bin/../lib/gcc/arm-none-eabi/5.2.1/../../../../arm-none-eabi/lib/armv7e-m/fpu\libc.a(lib_a-findfp.o)
                0x08007570                _cleanup_r
 .text.__sinit.part.1
                0x0800757c       0xf0 c:/ac6/systemworkbench/plugins/fr.ac6.mcu.externaltools.arm-none.win32_1.7.0.201602121829/tools/compiler/bin/../lib/gcc/arm-none-eabi/5.2.1/../../../../arm-none-eabi/lib/armv7e-m/fpu\libc.a(lib_a-findfp.o)
 .text.__sinit  0x0800766c        0xc c:/ac6/systemworkbench/plugins/fr.ac6.mcu.externaltools.arm-none.win32_1.7.0.201602121829/tools/compiler/bin/../lib/gcc/arm-none-eabi/5.2.1/../../../../arm-none-eabi/lib/armv7e-m/fpu\libc.a(lib_a-findfp.o)
                0x0800766c                __sinit
 .text.__sfp_lock_acquire
                0x08007678        0x4 c:/ac6/systemworkbench/plugins/fr.ac6.mcu.externaltools.arm-none.win32_1.7.0.201602121829/tools/compiler/bin/../lib/gcc/arm-none-eabi/5.2.1/../../../../arm-none-eabi/lib/armv7e-m/fpu\libc.a(lib_a-findfp.o)
                0x08007678                __sfp_lock_acquire
 .text.__sfp_lock_release
                0x0800767c        0x4 c:/ac6/systemworkbench/plugins/fr.ac6.mcu.externaltools.arm-none.win32_1.7.0.201602121829/tools/compiler/bin/../lib/gcc/arm-none-eabi/5.2.1/../../../../arm-none-eabi/lib/armv7e-m/fpu\libc.a(lib_a-findfp.o)
                0x0800767c                __sfp_lock_release
 .text.fiprintf
                0x08007680       0x28 c:/ac6/systemworkbench/plugins/fr.ac6.mcu.externaltools.arm-none.win32_1.7.0.201602121829/tools/compiler/bin/../lib/gcc/arm-none-eabi/5.2.1/../../../../arm-none-eabi/lib/armv7e-m/fpu\libc.a(lib_a-fiprintf.o)
                0x08007680                fiprintf
 .text._malloc_trim_r
                0x080076a8       0x9c c:/ac6/systemworkbench/plugins/fr.ac6.mcu.externaltools.arm-none.win32_1.7.0.201602121829/tools/compiler/bin/../lib/gcc/arm-none-eabi/5.2.1/../../../../arm-none-eabi/lib/armv7e-m/fpu\libc.a(lib_a-freer.o)
                0x080076a8                _malloc_trim_r
 .text._free_r  0x08007744      0x1d0 c:/ac6/systemworkbench/plugins/fr.ac6.mcu.externaltools.arm-none.win32_1.7.0.201602121829/tools/compiler/bin/../lib/gcc/arm-none-eabi/5.2.1/../../../../arm-none-eabi/lib/armv7e-m/fpu\libc.a(lib_a-freer.o)
                0x08007744                _free_r
 .text._fstat_r
                0x08007914       0x28 c:/ac6/systemworkbench/plugins/fr.ac6.mcu.externaltools.arm-none.win32_1.7.0.201602121829/tools/compiler/bin/../lib/gcc/arm-none-eabi/5.2.1/../../../../arm-none-eabi/lib/armv7e-m/fpu\libc.a(lib_a-fstatr.o)
                0x08007914                _fstat_r
 .text._fwalk_reent
                0x0800793c       0x54 c:/ac6/systemworkbench/plugins/fr.ac6.mcu.externaltools.arm-none.win32_1.7.0.201602121829/tools/compiler/bin/../lib/gcc/arm-none-eabi/5.2.1/../../../../arm-none-eabi/lib/armv7e-m/fpu\libc.a(lib_a-fwalk.o)
                0x0800793c                _fwalk_reent
 .text.__libc_init_array
                0x08007990       0x50 c:/ac6/systemworkbench/plugins/fr.ac6.mcu.externaltools.arm-none.win32_1.7.0.201602121829/tools/compiler/bin/../lib/gcc/arm-none-eabi/5.2.1/../../../../arm-none-eabi/lib/armv7e-m/fpu\libc.a(lib_a-init.o)
                0x08007990                __libc_init_array
 .text.__locale_charset
                0x080079e0        0x8 c:/ac6/systemworkbench/plugins/fr.ac6.mcu.externaltools.arm-none.win32_1.7.0.201602121829/tools/compiler/bin/../lib/gcc/arm-none-eabi/5.2.1/../../../../arm-none-eabi/lib/armv7e-m/fpu\libc.a(lib_a-locale.o)
                0x080079e0                __locale_charset
 .text.__locale_mb_cur_max
                0x080079e8        0xc c:/ac6/systemworkbench/plugins/fr.ac6.mcu.externaltools.arm-none.win32_1.7.0.201602121829/tools/compiler/bin/../lib/gcc/arm-none-eabi/5.2.1/../../../../arm-none-eabi/lib/armv7e-m/fpu\libc.a(lib_a-locale.o)
                0x080079e8                __locale_mb_cur_max
 .text._localeconv_r
                0x080079f4        0x8 c:/ac6/systemworkbench/plugins/fr.ac6.mcu.externaltools.arm-none.win32_1.7.0.201602121829/tools/compiler/bin/../lib/gcc/arm-none-eabi/5.2.1/../../../../arm-none-eabi/lib/armv7e-m/fpu\libc.a(lib_a-locale.o)
                0x080079f4                _localeconv_r
 .text.localeconv
                0x080079fc        0x8 c:/ac6/systemworkbench/plugins/fr.ac6.mcu.externaltools.arm-none.win32_1.7.0.201602121829/tools/compiler/bin/../lib/gcc/arm-none-eabi/5.2.1/../../../../arm-none-eabi/lib/armv7e-m/fpu\libc.a(lib_a-locale.o)
                0x080079fc                localeconv
 .text.__smakebuf_r
                0x08007a04       0xe0 c:/ac6/systemworkbench/plugins/fr.ac6.mcu.externaltools.arm-none.win32_1.7.0.201602121829/tools/compiler/bin/../lib/gcc/arm-none-eabi/5.2.1/../../../../arm-none-eabi/lib/armv7e-m/fpu\libc.a(lib_a-makebuf.o)
                0x08007a04                __smakebuf_r
 .text.malloc   0x08007ae4       0x10 c:/ac6/systemworkbench/plugins/fr.ac6.mcu.externaltools.arm-none.win32_1.7.0.201602121829/tools/compiler/bin/../lib/gcc/arm-none-eabi/5.2.1/../../../../arm-none-eabi/lib/armv7e-m/fpu\libc.a(lib_a-malloc.o)
                0x08007ae4                malloc
 .text.free     0x08007af4       0x10 c:/ac6/systemworkbench/plugins/fr.ac6.mcu.externaltools.arm-none.win32_1.7.0.201602121829/tools/compiler/bin/../lib/gcc/arm-none-eabi/5.2.1/../../../../arm-none-eabi/lib/armv7e-m/fpu\libc.a(lib_a-malloc.o)
                0x08007af4                free
 .text._malloc_r
                0x08007b04      0x570 c:/ac6/systemworkbench/plugins/fr.ac6.mcu.externaltools.arm-none.win32_1.7.0.201602121829/tools/compiler/bin/../lib/gcc/arm-none-eabi/5.2.1/../../../../arm-none-eabi/lib/armv7e-m/fpu\libc.a(lib_a-mallocr.o)
                0x08007b04                _malloc_r
 .text.memmove  0x08008074       0xc8 c:/ac6/systemworkbench/plugins/fr.ac6.mcu.externaltools.arm-none.win32_1.7.0.201602121829/tools/compiler/bin/../lib/gcc/arm-none-eabi/5.2.1/../../../../arm-none-eabi/lib/armv7e-m/fpu\libc.a(lib_a-memmove.o)
                0x08008074                memmove
 .text.memset   0x0800813c       0x9c c:/ac6/systemworkbench/plugins/fr.ac6.mcu.externaltools.arm-none.win32_1.7.0.201602121829/tools/compiler/bin/../lib/gcc/arm-none-eabi/5.2.1/../../../../arm-none-eabi/lib/armv7e-m/fpu\libc.a(lib_a-memset.o)
                0x0800813c                memset
 .text.__malloc_lock
                0x080081d8        0x4 c:/ac6/systemworkbench/plugins/fr.ac6.mcu.externaltools.arm-none.win32_1.7.0.201602121829/tools/compiler/bin/../lib/gcc/arm-none-eabi/5.2.1/../../../../arm-none-eabi/lib/armv7e-m/fpu\libc.a(lib_a-mlock.o)
                0x080081d8                __malloc_lock
 .text.__malloc_unlock
                0x080081dc        0x4 c:/ac6/systemworkbench/plugins/fr.ac6.mcu.externaltools.arm-none.win32_1.7.0.201602121829/tools/compiler/bin/../lib/gcc/arm-none-eabi/5.2.1/../../../../arm-none-eabi/lib/armv7e-m/fpu\libc.a(lib_a-mlock.o)
                0x080081dc                __malloc_unlock
 .text.qsort    0x080081e0      0x574 c:/ac6/systemworkbench/plugins/fr.ac6.mcu.externaltools.arm-none.win32_1.7.0.201602121829/tools/compiler/bin/../lib/gcc/arm-none-eabi/5.2.1/../../../../arm-none-eabi/lib/armv7e-m/fpu\libc.a(lib_a-qsort.o)
                0x080081e0                qsort
 .text.__fpclassifyd
                0x08008754       0x5c c:/ac6/systemworkbench/plugins/fr.ac6.mcu.externaltools.arm-none.win32_1.7.0.201602121829/tools/compiler/bin/../lib/gcc/arm-none-eabi/5.2.1/../../../../arm-none-eabi/lib/armv7e-m/fpu\libc.a(lib_a-s_fpclassify.o)
                0x08008754                __fpclassifyd
 .text._sbrk_r  0x080087b0       0x24 c:/ac6/systemworkbench/plugins/fr.ac6.mcu.externaltools.arm-none.win32_1.7.0.201602121829/tools/compiler/bin/../lib/gcc/arm-none-eabi/5.2.1/../../../../arm-none-eabi/lib/armv7e-m/fpu\libc.a(lib_a-sbrkr.o)
                0x080087b0                _sbrk_r
 .text.snprintf
                0x080087d4       0x9c c:/ac6/systemworkbench/plugins/fr.ac6.mcu.externaltools.arm-none.win32_1.7.0.201602121829/tools/compiler/bin/../lib/gcc/arm-none-eabi/5.2.1/../../../../arm-none-eabi/lib/armv7e-m/fpu\libc.a(lib_a-snprintf.o)
                0x080087d4                snprintf
 .text.__sread  0x08008870       0x24 c:/ac6/systemworkbench/plugins/fr.ac6.mcu.externaltools.arm-none.win32_1.7.0.201602121829/tools/compiler/bin/../lib/gcc/arm-none-eabi/5.2.1/../../../../arm-none-eabi/lib/armv7e-m/fpu\libc.a(lib_a-stdio.o)
                0x08008870                __sread
 .text.__swrite
                0x08008894       0x38 c:/ac6/systemworkbench/plugins/fr.ac6.mcu.externaltools.arm-none.win32_1.7.0.201602121829/tools/compiler/bin/../lib/gcc/arm-none-eabi/5.2.1/../../../../arm-none-eabi/lib/armv7e-m/fpu\libc.a(lib_a-stdio.o)
                0x08008894                __swrite
 .text.__sseek  0x080088cc       0x20 c:/ac6/systemworkbench/plugins/fr.ac6.mcu.externaltools.arm-none.win32_1.7.0.201602121829/tools/compiler/bin/../lib/gcc/arm-none-eabi/5.2.1/../../../../arm-none-eabi/lib/armv7e-m/fpu\libc.a(lib_a-stdio.o)
                0x080088cc                __sseek
 .text.__sclose
                0x080088ec        0x8 c:/ac6/systemworkbench/plugins/fr.ac6.mcu.externaltools.arm-none.win32_1.7.0.201602121829/tools/compiler/bin/../lib/gcc/arm-none-eabi/5.2.1/../../../../arm-none-eabi/lib/armv7e-m/fpu\libc.a(lib_a-stdio.o)
                0x080088ec                __sclose
 .text.strchr   0x080088f4       0xd0 c:/ac6/systemworkbench/plugins/fr.ac6.mcu.externaltools.arm-none.win32_1.7.0.201602121829/tools/compiler/bin/../lib/gcc/arm-none-eabi/5.2.1/../../../../arm-none-eabi/lib/armv7e-m/fpu\libc.a(lib_a-strchr.o)
                0x080088f4                strchr
 .text.strncpy  0x080089c4       0x68 c:/ac6/systemworkbench/plugins/fr.ac6.mcu.externaltools.arm-none.win32_1.7.0.201602121829/tools/compiler/bin/../lib/gcc/arm-none-eabi/5.2.1/../../../../arm-none-eabi/lib/armv7e-m/fpu\libc.a(lib_a-strncpy.o)
                0x080089c4                strncpy
 .text.sulp     0x08008a2c       0x40 c:/ac6/systemworkbench/plugins/fr.ac6.mcu.externaltools.arm-none.win32_1.7.0.201602121829/tools/compiler/bin/../lib/gcc/arm-none-eabi/5.2.1/../../../../arm-none-eabi/lib/armv7e-m/fpu\libc.a(lib_a-strtod.o)
 *fill*         0x08008a6c        0x4 
 .text._strtod_r
                0x08008a70      0xec0 c:/ac6/systemworkbench/plugins/fr.ac6.mcu.externaltools.arm-none.win32_1.7.0.201602121829/tools/compiler/bin/../lib/gcc/arm-none-eabi/5.2.1/../../../../arm-none-eabi/lib/armv7e-m/fpu\libc.a(lib_a-strtod.o)
                0x08008a70                _strtod_r
 .text.strtod   0x08009930       0x10 c:/ac6/systemworkbench/plugins/fr.ac6.mcu.externaltools.arm-none.win32_1.7.0.201602121829/tools/compiler/bin/../lib/gcc/arm-none-eabi/5.2.1/../../../../arm-none-eabi/lib/armv7e-m/fpu\libc.a(lib_a-strtod.o)
                0x08009930                strtod
 .text.strtoll  0x08009940       0x18 c:/ac6/systemworkbench/plugins/fr.ac6.mcu.externaltools.arm-none.win32_1.7.0.201602121829/tools/compiler/bin/../lib/gcc/arm-none-eabi/5.2.1/../../../../arm-none-eabi/lib/armv7e-m/fpu\libc.a(lib_a-strtoll.o)
                0x08009940                strtoll
 .text._strtoll_r
                0x08009958      0x1b0 c:/ac6/systemworkbench/plugins/fr.ac6.mcu.externaltools.arm-none.win32_1.7.0.201602121829/tools/compiler/bin/../lib/gcc/arm-none-eabi/5.2.1/../../../../arm-none-eabi/lib/armv7e-m/fpu\libc.a(lib_a-strtoll_r.o)
                0x08009958                _strtoll_r
 .text._svfprintf_r
                0x08009b08     0x169c c:/ac6/systemworkbench/plugins/fr.ac6.mcu.externaltools.arm-none.win32_1.7.0.201602121829/tools/compiler/bin/../lib/gcc/arm-none-eabi/5.2.1/../../../../arm-none-eabi/lib/armv7e-m/fpu\libc.a(lib_a-svfprintf.o)
                0x08009b08                _svfprintf_r
 .text.time     0x0800b1a4       0x2c c:/ac6/systemworkbench/plugins/fr.ac6.mcu.externaltools.arm-none.win32_1.7.0.201602121829/tools/compiler/bin/../lib/gcc/arm-none-eabi/5.2.1/../../../../arm-none-eabi/lib/armv7e-m/fpu\libc.a(lib_a-time.o)
                0x0800b1a4                time
 .text.__sprint_r.part.0
                0x0800b1d0       0x78 c:/ac6/systemworkbench/plugins/fr.ac6.mcu.externaltools.arm-none.win32_1.7.0.201602121829/tools/compiler/bin/../lib/gcc/arm-none-eabi/5.2.1/../../../../arm-none-eabi/lib/armv7e-m/fpu\libc.a(lib_a-vfiprintf.o)
 .text._vfiprintf_r
                0x0800b248      0xdf8 c:/ac6/systemworkbench/plugins/fr.ac6.mcu.externaltools.arm-none.win32_1.7.0.201602121829/tools/compiler/bin/../lib/gcc/arm-none-eabi/5.2.1/../../../../arm-none-eabi/lib/armv7e-m/fpu\libc.a(lib_a-vfiprintf.o)
                0x0800b248                _vfiprintf_r
 .text.__sbprintf
                0x0800c040       0x6c c:/ac6/systemworkbench/plugins/fr.ac6.mcu.externaltools.arm-none.win32_1.7.0.201602121829/tools/compiler/bin/../lib/gcc/arm-none-eabi/5.2.1/../../../../arm-none-eabi/lib/armv7e-m/fpu\libc.a(lib_a-vfiprintf.o)
 .text._vsnprintf_r
                0x0800c0ac       0x74 c:/ac6/systemworkbench/plugins/fr.ac6.mcu.externaltools.arm-none.win32_1.7.0.201602121829/tools/compiler/bin/../lib/gcc/arm-none-eabi/5.2.1/../../../../arm-none-eabi/lib/armv7e-m/fpu\libc.a(lib_a-vsnprintf.o)
                0x0800c0ac                _vsnprintf_r
 .text.vsnprintf
                0x0800c120       0x20 c:/ac6/systemworkbench/plugins/fr.ac6.mcu.externaltools.arm-none.win32_1.7.0.201602121829/tools/compiler/bin/../lib/gcc/arm-none-eabi/5.2.1/../../../../arm-none-eabi/lib/armv7e-m/fpu\libc.a(lib_a-vsnprintf.o)
                0x0800c120                vsnprintf
 .text._write_r
                0x0800c140       0x2c c:/ac6/systemworkbench/plugins/fr.ac6.mcu.externaltools.arm-none.win32_1.7.0.201602121829/tools/compiler/bin/../lib/gcc/arm-none-eabi/5.2.1/../../../../arm-none-eabi/lib/armv7e-m/fpu\libc.a(lib_a-writer.o)
                0x0800c140                _write_r
 .text.__swsetup_r
                0x0800c16c       0xc4 c:/ac6/systemworkbench/plugins/fr.ac6.mcu.externaltools.arm-none.win32_1.7.0.201602121829/tools/compiler/bin/../lib/gcc/arm-none-eabi/5.2.1/../../../../arm-none-eabi/lib/armv7e-m/fpu\libc.a(lib_a-wsetup.o)
                0x0800c16c                __swsetup_r
 .text.startup.register_fini
                0x0800c230       0x14 c:/ac6/systemworkbench/plugins/fr.ac6.mcu.externaltools.arm-none.win32_1.7.0.201602121829/tools/compiler/bin/../lib/gcc/arm-none-eabi/5.2.1/../../../../arm-none-eabi/lib/armv7e-m/fpu\libc.a(lib_a-__call_atexit.o)
 .text.abort    0x0800c244       0x10 c:/ac6/systemworkbench/plugins/fr.ac6.mcu.externaltools.arm-none.win32_1.7.0.201602121829/tools/compiler/bin/../lib/gcc/arm-none-eabi/5.2.1/../../../../arm-none-eabi/lib/armv7e-m/fpu\libc.a(lib_a-abort.o)
                0x0800c244                abort
 .text.atexit   0x0800c254        0xc c:/ac6/systemworkbench/plugins/fr.ac6.mcu.externaltools.arm-none.win32_1.7.0.201602121829/tools/compiler/bin/../lib/gcc/arm-none-eabi/5.2.1/../../../../arm-none-eabi/lib/armv7e-m/fpu\libc.a(lib_a-atexit.o)
                0x0800c254                atexit
 .text._close_r
                0x0800c260       0x24 c:/ac6/systemworkbench/plugins/fr.ac6.mcu.externaltools.arm-none.win32_1.7.0.201602121829/tools/compiler/bin/../lib/gcc/arm-none-eabi/5.2.1/../../../../arm-none-eabi/lib/armv7e-m/fpu\libc.a(lib_a-closer.o)
                0x0800c260                _close_r
 .text.quorem   0x0800c284      0x128 c:/ac6/systemworkbench/plugins/fr.ac6.mcu.externaltools.arm-none.win32_1.7.0.201602121829/tools/compiler/bin/../lib/gcc/arm-none-eabi/5.2.1/../../../../arm-none-eabi/lib/armv7e-m/fpu\libc.a(lib_a-dtoa.o)
 *fill*         0x0800c3ac        0x4 
 .text._dtoa_r  0x0800c3b0      0xe34 c:/ac6/systemworkbench/plugins/fr.ac6.mcu.externaltools.arm-none.win32_1.7.0.201602121829/tools/compiler/bin/../lib/gcc/arm-none-eabi/5.2.1/../../../../arm-none-eabi/lib/armv7e-m/fpu\libc.a(lib_a-dtoa.o)
                0x0800c3b0                _dtoa_r
 .text.__libc_fini_array
                0x0800d1e4       0x28 c:/ac6/systemworkbench/plugins/fr.ac6.mcu.externaltools.arm-none.win32_1.7.0.201602121829/tools/compiler/bin/../lib/gcc/arm-none-eabi/5.2.1/../../../../arm-none-eabi/lib/armv7e-m/fpu\libc.a(lib_a-fini.o)
                0x0800d1e4                __libc_fini_array
 .text.__fputwc
                0x0800d20c       0xb0 c:/ac6/systemworkbench/plugins/fr.ac6.mcu.externaltools.arm-none.win32_1.7.0.201602121829/tools/compiler/bin/../lib/gcc/arm-none-eabi/5.2.1/../../../../arm-none-eabi/lib/armv7e-m/fpu\libc.a(lib_a-fputwc.o)
                0x0800d20c                __fputwc
 .text._fputwc_r
                0x0800d2bc       0x24 c:/ac6/systemworkbench/plugins/fr.ac6.mcu.externaltools.arm-none.win32_1.7.0.201602121829/tools/compiler/bin/../lib/gcc/arm-none-eabi/5.2.1/../../../../arm-none-eabi/lib/armv7e-m/fpu\libc.a(lib_a-fputwc.o)
                0x0800d2bc                _fputwc_r
 .text.__sfvwrite_r
                0x0800d2e0      0x300 c:/ac6/systemworkbench/plugins/fr.ac6.mcu.externaltools.arm-none.win32_1.7.0.201602121829/tools/compiler/bin/../lib/gcc/arm-none-eabi/5.2.1/../../../../arm-none-eabi/lib/armv7e-m/fpu\libc.a(lib_a-fvwrite.o)
                0x0800d2e0                __sfvwrite_r
 .text.rshift   0x0800d5e0       0xa8 c:/ac6/systemworkbench/plugins/fr.ac6.mcu.externaltools.arm-none.win32_1.7.0.201602121829/tools/compiler/bin/../lib/gcc/arm-none-eabi/5.2.1/../../../../arm-none-eabi/lib/armv7e-m/fpu\libc.a(lib_a-gdtoa-gethex.o)
 .text.__gethex
                0x0800d688      0x510 c:/ac6/systemworkbench/plugins/fr.ac6.mcu.externaltools.arm-none.win32_1.7.0.201602121829/tools/compiler/bin/../lib/gcc/arm-none-eabi/5.2.1/../../../../arm-none-eabi/lib/armv7e-m/fpu\libc.a(lib_a-gdtoa-gethex.o)
                0x0800d688                __gethex
 .text.__match  0x0800db98       0x30 c:/ac6/systemworkbench/plugins/fr.ac6.mcu.externaltools.arm-none.win32_1.7.0.201602121829/tools/compiler/bin/../lib/gcc/arm-none-eabi/5.2.1/../../../../arm-none-eabi/lib/armv7e-m/fpu\libc.a(lib_a-gdtoa-hexnan.o)
                0x0800db98                __match
 .text.__hexnan
                0x0800dbc8      0x180 c:/ac6/systemworkbench/plugins/fr.ac6.mcu.externaltools.arm-none.win32_1.7.0.201602121829/tools/compiler/bin/../lib/gcc/arm-none-eabi/5.2.1/../../../../arm-none-eabi/lib/armv7e-m/fpu\libc.a(lib_a-gdtoa-hexnan.o)
                0x0800dbc8                __hexnan
 .text._gettimeofday_r
                0x0800dd48       0x28 c:/ac6/systemworkbench/plugins/fr.ac6.mcu.externaltools.arm-none.win32_1.7.0.201602121829/tools/compiler/bin/../lib/gcc/arm-none-eabi/5.2.1/../../../../arm-none-eabi/lib/armv7e-m/fpu\libc.a(lib_a-gettimeofdayr.o)
                0x0800dd48                _gettimeofday_r
 .text._isatty_r
                0x0800dd70       0x24 c:/ac6/systemworkbench/plugins/fr.ac6.mcu.externaltools.arm-none.win32_1.7.0.201602121829/tools/compiler/bin/../lib/gcc/arm-none-eabi/5.2.1/../../../../arm-none-eabi/lib/armv7e-m/fpu\libc.a(lib_a-isattyr.o)
                0x0800dd70                _isatty_r
 .text._lseek_r
                0x0800dd94       0x2c c:/ac6/systemworkbench/plugins/fr.ac6.mcu.externaltools.arm-none.win32_1.7.0.201602121829/tools/compiler/bin/../lib/gcc/arm-none-eabi/5.2.1/../../../../arm-none-eabi/lib/armv7e-m/fpu\libc.a(lib_a-lseekr.o)
                0x0800dd94                _lseek_r
 .text._Balloc  0x0800ddc0       0x4c c:/ac6/systemworkbench/plugins/fr.ac6.mcu.externaltools.arm-none.win32_1.7.0.201602121829/tools/compiler/bin/../lib/gcc/arm-none-eabi/5.2.1/../../../../arm-none-eabi/lib/armv7e-m/fpu\libc.a(lib_a-mprec.o)
                0x0800ddc0                _Balloc
 .text._Bfree   0x0800de0c       0x14 c:/ac6/systemworkbench/plugins/fr.ac6.mcu.externaltools.arm-none.win32_1.7.0.201602121829/tools/compiler/bin/../lib/gcc/arm-none-eabi/5.2.1/../../../../arm-none-eabi/lib/armv7e-m/fpu\libc.a(lib_a-mprec.o)
                0x0800de0c                _Bfree
 .text.__multadd
                0x0800de20       0x80 c:/ac6/systemworkbench/plugins/fr.ac6.mcu.externaltools.arm-none.win32_1.7.0.201602121829/tools/compiler/bin/../lib/gcc/arm-none-eabi/5.2.1/../../../../arm-none-eabi/lib/armv7e-m/fpu\libc.a(lib_a-mprec.o)
                0x0800de20                __multadd
 .text.__s2b    0x0800dea0       0x98 c:/ac6/systemworkbench/plugins/fr.ac6.mcu.externaltools.arm-none.win32_1.7.0.201602121829/tools/compiler/bin/../lib/gcc/arm-none-eabi/5.2.1/../../../../arm-none-eabi/lib/armv7e-m/fpu\libc.a(lib_a-mprec.o)
                0x0800dea0                __s2b
 .text.__hi0bits
                0x0800df38       0x40 c:/ac6/systemworkbench/plugins/fr.ac6.mcu.externaltools.arm-none.win32_1.7.0.201602121829/tools/compiler/bin/../lib/gcc/arm-none-eabi/5.2.1/../../../../arm-none-eabi/lib/armv7e-m/fpu\libc.a(lib_a-mprec.o)
                0x0800df38                __hi0bits
 .text.__lo0bits
                0x0800df78       0x5c c:/ac6/systemworkbench/plugins/fr.ac6.mcu.externaltools.arm-none.win32_1.7.0.201602121829/tools/compiler/bin/../lib/gcc/arm-none-eabi/5.2.1/../../../../arm-none-eabi/lib/armv7e-m/fpu\libc.a(lib_a-mprec.o)
                0x0800df78                __lo0bits
 .text.__i2b    0x0800dfd4       0x14 c:/ac6/systemworkbench/plugins/fr.ac6.mcu.externaltools.arm-none.win32_1.7.0.201602121829/tools/compiler/bin/../lib/gcc/arm-none-eabi/5.2.1/../../../../arm-none-eabi/lib/armv7e-m/fpu\libc.a(lib_a-mprec.o)
                0x0800dfd4                __i2b
 .text.__multiply
                0x0800dfe8      0x130 c:/ac6/systemworkbench/plugins/fr.ac6.mcu.externaltools.arm-none.win32_1.7.0.201602121829/tools/compiler/bin/../lib/gcc/arm-none-eabi/5.2.1/../../../../arm-none-eabi/lib/armv7e-m/fpu\libc.a(lib_a-mprec.o)
                0x0800dfe8                __multiply
 .text.__pow5mult
                0x0800e118       0xa0 c:/ac6/systemworkbench/plugins/fr.ac6.mcu.externaltools.arm-none.win32_1.7.0.201602121829/tools/compiler/bin/../lib/gcc/arm-none-eabi/5.2.1/../../../../arm-none-eabi/lib/armv7e-m/fpu\libc.a(lib_a-mprec.o)
                0x0800e118                __pow5mult
 .text.__lshift
                0x0800e1b8       0xb0 c:/ac6/systemworkbench/plugins/fr.ac6.mcu.externaltools.arm-none.win32_1.7.0.201602121829/tools/compiler/bin/../lib/gcc/arm-none-eabi/5.2.1/../../../../arm-none-eabi/lib/armv7e-m/fpu\libc.a(lib_a-mprec.o)
                0x0800e1b8                __lshift
 .text.__mcmp   0x0800e268       0x44 c:/ac6/systemworkbench/plugins/fr.ac6.mcu.externaltools.arm-none.win32_1.7.0.201602121829/tools/compiler/bin/../lib/gcc/arm-none-eabi/5.2.1/../../../../arm-none-eabi/lib/armv7e-m/fpu\libc.a(lib_a-mprec.o)
                0x0800e268                __mcmp
 .text.__mdiff  0x0800e2ac      0x114 c:/ac6/systemworkbench/plugins/fr.ac6.mcu.externaltools.arm-none.win32_1.7.0.201602121829/tools/compiler/bin/../lib/gcc/arm-none-eabi/5.2.1/../../../../arm-none-eabi/lib/armv7e-m/fpu\libc.a(lib_a-mprec.o)
                0x0800e2ac                __mdiff
 .text.__ulp    0x0800e3c0       0x54 c:/ac6/systemworkbench/plugins/fr.ac6.mcu.externaltools.arm-none.win32_1.7.0.201602121829/tools/compiler/bin/../lib/gcc/arm-none-eabi/5.2.1/../../../../arm-none-eabi/lib/armv7e-m/fpu\libc.a(lib_a-mprec.o)
                0x0800e3c0                __ulp
 .text.__b2d    0x0800e414       0xd0 c:/ac6/systemworkbench/plugins/fr.ac6.mcu.externaltools.arm-none.win32_1.7.0.201602121829/tools/compiler/bin/../lib/gcc/arm-none-eabi/5.2.1/../../../../arm-none-eabi/lib/armv7e-m/fpu\libc.a(lib_a-mprec.o)
                0x0800e414                __b2d
 .text.__d2b    0x0800e4e4       0xbc c:/ac6/systemworkbench/plugins/fr.ac6.mcu.externaltools.arm-none.win32_1.7.0.201602121829/tools/compiler/bin/../lib/gcc/arm-none-eabi/5.2.1/../../../../arm-none-eabi/lib/armv7e-m/fpu\libc.a(lib_a-mprec.o)
                0x0800e4e4                __d2b
 .text.__ratio  0x0800e5a0       0x60 c:/ac6/systemworkbench/plugins/fr.ac6.mcu.externaltools.arm-none.win32_1.7.0.201602121829/tools/compiler/bin/../lib/gcc/arm-none-eabi/5.2.1/../../../../arm-none-eabi/lib/armv7e-m/fpu\libc.a(lib_a-mprec.o)
                0x0800e5a0                __ratio
 .text.__copybits
                0x0800e600       0x48 c:/ac6/systemworkbench/plugins/fr.ac6.mcu.externaltools.arm-none.win32_1.7.0.201602121829/tools/compiler/bin/../lib/gcc/arm-none-eabi/5.2.1/../../../../arm-none-eabi/lib/armv7e-m/fpu\libc.a(lib_a-mprec.o)
                0x0800e600                __copybits
 .text.__any_on
                0x0800e648       0x60 c:/ac6/systemworkbench/plugins/fr.ac6.mcu.externaltools.arm-none.win32_1.7.0.201602121829/tools/compiler/bin/../lib/gcc/arm-none-eabi/5.2.1/../../../../arm-none-eabi/lib/armv7e-m/fpu\libc.a(lib_a-mprec.o)
                0x0800e648                __any_on
 .text._read_r  0x0800e6a8       0x2c c:/ac6/systemworkbench/plugins/fr.ac6.mcu.externaltools.arm-none.win32_1.7.0.201602121829/tools/compiler/bin/../lib/gcc/arm-none-eabi/5.2.1/../../../../arm-none-eabi/lib/armv7e-m/fpu\libc.a(lib_a-readr.o)
                0x0800e6a8                _read_r
 .text._realloc_r
                0x0800e6d4      0x3e0 c:/ac6/systemworkbench/plugins/fr.ac6.mcu.externaltools.arm-none.win32_1.7.0.201602121829/tools/compiler/bin/../lib/gcc/arm-none-eabi/5.2.1/../../../../arm-none-eabi/lib/armv7e-m/fpu\libc.a(lib_a-reallocr.o)
                0x0800e6d4                _realloc_r
 .text._raise_r
                0x0800eab4       0x58 c:/ac6/systemworkbench/plugins/fr.ac6.mcu.externaltools.arm-none.win32_1.7.0.201602121829/tools/compiler/bin/../lib/gcc/arm-none-eabi/5.2.1/../../../../arm-none-eabi/lib/armv7e-m/fpu\libc.a(lib_a-signal.o)
                0x0800eab4                _raise_r
 .text.raise    0x0800eb0c       0x10 c:/ac6/systemworkbench/plugins/fr.ac6.mcu.externaltools.arm-none.win32_1.7.0.201602121829/tools/compiler/bin/../lib/gcc/arm-none-eabi/5.2.1/../../../../arm-none-eabi/lib/armv7e-m/fpu\libc.a(lib_a-signal.o)
                0x0800eb0c                raise
 .text._kill_r  0x0800eb1c       0x28 c:/ac6/systemworkbench/plugins/fr.ac6.mcu.externaltools.arm-none.win32_1.7.0.201602121829/tools/compiler/bin/../lib/gcc/arm-none-eabi/5.2.1/../../../../arm-none-eabi/lib/armv7e-m/fpu\libc.a(lib_a-signalr.o)
                0x0800eb1c                _kill_r
 .text._getpid_r
                0x0800eb44        0x4 c:/ac6/systemworkbench/plugins/fr.ac6.mcu.externaltools.arm-none.win32_1.7.0.201602121829/tools/compiler/bin/../lib/gcc/arm-none-eabi/5.2.1/../../../../arm-none-eabi/lib/armv7e-m/fpu\libc.a(lib_a-signalr.o)
                0x0800eb44                _getpid_r
 .text.strncmp  0x0800eb48       0xa0 c:/ac6/systemworkbench/plugins/fr.ac6.mcu.externaltools.arm-none.win32_1.7.0.201602121829/tools/compiler/bin/../lib/gcc/arm-none-eabi/5.2.1/../../../../arm-none-eabi/lib/armv7e-m/fpu\libc.a(lib_a-strncmp.o)
                0x0800eb48                strncmp
 .text.__ssprint_r
                0x0800ebe8      0x100 c:/ac6/systemworkbench/plugins/fr.ac6.mcu.externaltools.arm-none.win32_1.7.0.201602121829/tools/compiler/bin/../lib/gcc/arm-none-eabi/5.2.1/../../../../arm-none-eabi/lib/armv7e-m/fpu\libc.a(lib_a-svfiprintf.o)
                0x0800ebe8                __ssprint_r
 .text.__swbuf_r
                0x0800ece8       0xa8 c:/ac6/systemworkbench/plugins/fr.ac6.mcu.externaltools.arm-none.win32_1.7.0.201602121829/tools/compiler/bin/../lib/gcc/arm-none-eabi/5.2.1/../../../../arm-none-eabi/lib/armv7e-m/fpu\libc.a(lib_a-wbuf.o)
                0x0800ece8                __swbuf_r
 .text._wcrtomb_r
                0x0800ed90       0x54 c:/ac6/systemworkbench/plugins/fr.ac6.mcu.externaltools.arm-none.win32_1.7.0.201602121829/tools/compiler/bin/../lib/gcc/arm-none-eabi/5.2.1/../../../../arm-none-eabi/lib/armv7e-m/fpu\libc.a(lib_a-wcrtomb.o)
                0x0800ed90                _wcrtomb_r
 .text.__ascii_wctomb
                0x0800ede4       0x1c c:/ac6/systemworkbench/plugins/fr.ac6.mcu.externaltools.arm-none.win32_1.7.0.201602121829/tools/compiler/bin/../lib/gcc/arm-none-eabi/5.2.1/../../../../arm-none-eabi/lib/armv7e-m/fpu\libc.a(lib_a-wctomb_r.o)
                0x0800ede4                __ascii_wctomb
 .text.__register_exitproc
                0x0800ee00       0xa4 c:/ac6/systemworkbench/plugins/fr.ac6.mcu.externaltools.arm-none.win32_1.7.0.201602121829/tools/compiler/bin/../lib/gcc/arm-none-eabi/5.2.1/../../../../arm-none-eabi/lib/armv7e-m/fpu\libc.a(lib_a-__atexit.o)
                0x0800ee00                __register_exitproc
 .text._calloc_r
                0x0800eea4       0x60 c:/ac6/systemworkbench/plugins/fr.ac6.mcu.externaltools.arm-none.win32_1.7.0.201602121829/tools/compiler/bin/../lib/gcc/arm-none-eabi/5.2.1/../../../../arm-none-eabi/lib/armv7e-m/fpu\libc.a(lib_a-callocr.o)
                0x0800eea4                _calloc_r
 *(.glue_7)
 .glue_7        0x0800ef04        0x0 linker stubs
 *(.glue_7t)
 .glue_7t       0x0800ef04        0x0 linker stubs
 *(.eh_frame)
 .eh_frame      0x0800ef04        0x0 c:/ac6/systemworkbench/plugins/fr.ac6.mcu.externaltools.arm-none.win32_1.7.0.201602121829/tools/compiler/bin/../lib/gcc/arm-none-eabi/5.2.1/armv7e-m/fpu/crtbegin.o
 *(.init)
 .init          0x0800ef04        0x4 c:/ac6/systemworkbench/plugins/fr.ac6.mcu.externaltools.arm-none.win32_1.7.0.201602121829/tools/compiler/bin/../lib/gcc/arm-none-eabi/5.2.1/armv7e-m/fpu/crti.o
                0x0800ef04                _init
 .init          0x0800ef08        0x8 c:/ac6/systemworkbench/plugins/fr.ac6.mcu.externaltools.arm-none.win32_1.7.0.201602121829/tools/compiler/bin/../lib/gcc/arm-none-eabi/5.2.1/armv7e-m/fpu/crtn.o
 *(.fini)
 .fini          0x0800ef10        0x4 c:/ac6/systemworkbench/plugins/fr.ac6.mcu.externaltools.arm-none.win32_1.7.0.201602121829/tools/compiler/bin/../lib/gcc/arm-none-eabi/5.2.1/armv7e-m/fpu/crti.o
                0x0800ef10                _fini
 .fini          0x0800ef14        0x8 c:/ac6/systemworkbench/plugins/fr.ac6.mcu.externaltools.arm-none.win32_1.7.0.201602121829/tools/compiler/bin/../lib/gcc/arm-none-eabi/5.2.1/armv7e-m/fpu/crtn.o
                0x0800ef1c                . = ALIGN (0x4)
                0x0800ef1c                _etext = .

.vfp11_veneer   0x0800ef1c        0x0
 .vfp11_veneer  0x0800ef1c        0x0 linker stubs

.v4_bx          0x0800ef1c        0x0
 .v4_bx         0x0800ef1c        0x0 linker stubs

.iplt           0x0800ef1c        0x0
 .iplt          0x0800ef1c        0x0 c:/ac6/systemworkbench/plugins/fr.ac6.mcu.externaltools.arm-none.win32_1.7.0.201602121829/tools/compiler/bin/../lib/gcc/arm-none-eabi/5.2.1/armv7e-m/fpu/crtbegin.o

.rodata         0x0800ef20      0xe48
                0x0800ef20                . = ALIGN (0x4)
 *(.rodata)
 .rodata        0x0800ef20       0xd4 src/dump.o
 .rodata        0x0800eff4        0x4 src/error.o
 .rodata        0x0800eff8      0x148 src/json_coms.o
 .rodata        0x0800f140      0x3c8 src/load.o
 .rodata        0x0800f508       0x15 src/main.o
 *fill*         0x0800f51d        0x3 
 .rodata        0x0800f520      0x3a0 src/pack_unpack.o
 .rodata        0x0800f8c0       0x55 src/strconv.o
 *(.rodata*)
 *fill*         0x0800f915        0x3 
 .rodata.str1.4
                0x0800f918       0x3f c:/ac6/systemworkbench/plugins/fr.ac6.mcu.externaltools.arm-none.win32_1.7.0.201602121829/tools/compiler/bin/../lib/gcc/arm-none-eabi/5.2.1/../../../../arm-none-eabi/lib/armv7e-m/fpu\libc.a(lib_a-assert.o)
                                 0x43 (size before relaxing)
 *fill*         0x0800f957        0x1 
 .rodata.str1.4
                0x0800f958        0x2 c:/ac6/systemworkbench/plugins/fr.ac6.mcu.externaltools.arm-none.win32_1.7.0.201602121829/tools/compiler/bin/../lib/gcc/arm-none-eabi/5.2.1/../../../../arm-none-eabi/lib/armv7e-m/fpu\libc.a(lib_a-impure.o)
 *fill*         0x0800f95a        0x2 
 .rodata._global_impure_ptr
                0x0800f95c        0x4 c:/ac6/systemworkbench/plugins/fr.ac6.mcu.externaltools.arm-none.win32_1.7.0.201602121829/tools/compiler/bin/../lib/gcc/arm-none-eabi/5.2.1/../../../../arm-none-eabi/lib/armv7e-m/fpu\libc.a(lib_a-impure.o)
                0x0800f95c                _global_impure_ptr
 .rodata.str1.4
                0x0800f960        0xa c:/ac6/systemworkbench/plugins/fr.ac6.mcu.externaltools.arm-none.win32_1.7.0.201602121829/tools/compiler/bin/../lib/gcc/arm-none-eabi/5.2.1/../../../../arm-none-eabi/lib/armv7e-m/fpu\libc.a(lib_a-locale.o)
                                 0x12 (size before relaxing)
 *fill*         0x0800f96a        0x2 
 .rodata.fpinan.5401
                0x0800f96c       0x14 c:/ac6/systemworkbench/plugins/fr.ac6.mcu.externaltools.arm-none.win32_1.7.0.201602121829/tools/compiler/bin/../lib/gcc/arm-none-eabi/5.2.1/../../../../arm-none-eabi/lib/armv7e-m/fpu\libc.a(lib_a-strtod.o)
 .rodata.fpi.5365
                0x0800f980       0x14 c:/ac6/systemworkbench/plugins/fr.ac6.mcu.externaltools.arm-none.win32_1.7.0.201602121829/tools/compiler/bin/../lib/gcc/arm-none-eabi/5.2.1/../../../../arm-none-eabi/lib/armv7e-m/fpu\libc.a(lib_a-strtod.o)
 .rodata.str1.4
                0x0800f994        0xf c:/ac6/systemworkbench/plugins/fr.ac6.mcu.externaltools.arm-none.win32_1.7.0.201602121829/tools/compiler/bin/../lib/gcc/arm-none-eabi/5.2.1/../../../../arm-none-eabi/lib/armv7e-m/fpu\libc.a(lib_a-strtod.o)
 *fill*         0x0800f9a3        0x5 
 .rodata.tinytens
                0x0800f9a8       0x28 c:/ac6/systemworkbench/plugins/fr.ac6.mcu.externaltools.arm-none.win32_1.7.0.201602121829/tools/compiler/bin/../lib/gcc/arm-none-eabi/5.2.1/../../../../arm-none-eabi/lib/armv7e-m/fpu\libc.a(lib_a-strtod.o)
 .rodata.blanks.7009
                0x0800f9d0       0x10 c:/ac6/systemworkbench/plugins/fr.ac6.mcu.externaltools.arm-none.win32_1.7.0.201602121829/tools/compiler/bin/../lib/gcc/arm-none-eabi/5.2.1/../../../../arm-none-eabi/lib/armv7e-m/fpu\libc.a(lib_a-svfprintf.o)
 .rodata.str1.4
                0x0800f9e0       0x42 c:/ac6/systemworkbench/plugins/fr.ac6.mcu.externaltools.arm-none.win32_1.7.0.201602121829/tools/compiler/bin/../lib/gcc/arm-none-eabi/5.2.1/../../../../arm-none-eabi/lib/armv7e-m/fpu\libc.a(lib_a-svfprintf.o)
 *fill*         0x0800fa22        0x2 
 .rodata.zeroes.7010
                0x0800fa24       0x10 c:/ac6/systemworkbench/plugins/fr.ac6.mcu.externaltools.arm-none.win32_1.7.0.201602121829/tools/compiler/bin/../lib/gcc/arm-none-eabi/5.2.1/../../../../arm-none-eabi/lib/armv7e-m/fpu\libc.a(lib_a-svfprintf.o)
 .rodata.zeroes.6968
                0x0800fa34       0x10 c:/ac6/systemworkbench/plugins/fr.ac6.mcu.externaltools.arm-none.win32_1.7.0.201602121829/tools/compiler/bin/../lib/gcc/arm-none-eabi/5.2.1/../../../../arm-none-eabi/lib/armv7e-m/fpu\libc.a(lib_a-vfiprintf.o)
 .rodata.blanks.6967
                0x0800fa44       0x10 c:/ac6/systemworkbench/plugins/fr.ac6.mcu.externaltools.arm-none.win32_1.7.0.201602121829/tools/compiler/bin/../lib/gcc/arm-none-eabi/5.2.1/../../../../arm-none-eabi/lib/armv7e-m/fpu\libc.a(lib_a-vfiprintf.o)
 .rodata.str1.4
                0x0800fa54       0x2f c:/ac6/systemworkbench/plugins/fr.ac6.mcu.externaltools.arm-none.win32_1.7.0.201602121829/tools/compiler/bin/../lib/gcc/arm-none-eabi/5.2.1/../../../../arm-none-eabi/lib/armv7e-m/fpu\libc.a(lib_a-vfiprintf.o)
 .rodata._ctype_
                0x0800fa54      0x101 c:/ac6/systemworkbench/plugins/fr.ac6.mcu.externaltools.arm-none.win32_1.7.0.201602121829/tools/compiler/bin/../lib/gcc/arm-none-eabi/5.2.1/../../../../arm-none-eabi/lib/armv7e-m/fpu\libc.a(lib_a-ctype_.o)
                0x0800fa54                _ctype_
 *fill*         0x0800fb55        0x3 
 .rodata.str1.4
                0x0800fb58       0x10 c:/ac6/systemworkbench/plugins/fr.ac6.mcu.externaltools.arm-none.win32_1.7.0.201602121829/tools/compiler/bin/../lib/gcc/arm-none-eabi/5.2.1/../../../../arm-none-eabi/lib/armv7e-m/fpu\libc.a(lib_a-dtoa.o)
                                 0x12 (size before relaxing)
 .rodata.__hexdig
                0x0800fb68      0x100 c:/ac6/systemworkbench/plugins/fr.ac6.mcu.externaltools.arm-none.win32_1.7.0.201602121829/tools/compiler/bin/../lib/gcc/arm-none-eabi/5.2.1/../../../../arm-none-eabi/lib/armv7e-m/fpu\libc.a(lib_a-gdtoa-gethex.o)
                0x0800fb68                __hexdig
 .rodata.p05.5404
                0x0800fc68        0xc c:/ac6/systemworkbench/plugins/fr.ac6.mcu.externaltools.arm-none.win32_1.7.0.201602121829/tools/compiler/bin/../lib/gcc/arm-none-eabi/5.2.1/../../../../arm-none-eabi/lib/armv7e-m/fpu\libc.a(lib_a-mprec.o)
 *fill*         0x0800fc74        0x4 
 .rodata.__mprec_tens
                0x0800fc78       0xc8 c:/ac6/systemworkbench/plugins/fr.ac6.mcu.externaltools.arm-none.win32_1.7.0.201602121829/tools/compiler/bin/../lib/gcc/arm-none-eabi/5.2.1/../../../../arm-none-eabi/lib/armv7e-m/fpu\libc.a(lib_a-mprec.o)
                0x0800fc78                __mprec_tens
 .rodata.__mprec_bigtens
                0x0800fd40       0x28 c:/ac6/systemworkbench/plugins/fr.ac6.mcu.externaltools.arm-none.win32_1.7.0.201602121829/tools/compiler/bin/../lib/gcc/arm-none-eabi/5.2.1/../../../../arm-none-eabi/lib/armv7e-m/fpu\libc.a(lib_a-mprec.o)
                0x0800fd40                __mprec_bigtens
                0x0800fd68                . = ALIGN (0x4)

.ARM.extab
 *(.ARM.extab* .gnu.linkonce.armextab.*)

.ARM            0x0800fd68        0x8
                0x0800fd68                __exidx_start = .
 *(.ARM.exidx*)
 .ARM.exidx     0x0800fd68        0x8 c:/ac6/systemworkbench/plugins/fr.ac6.mcu.externaltools.arm-none.win32_1.7.0.201602121829/tools/compiler/bin/../lib/gcc/arm-none-eabi/5.2.1/armv7e-m/fpu\libgcc.a(_udivmoddi4.o)
                0x0800fd70                __exidx_end = .

.rel.dyn        0x0800fd70        0x0
 .rel.iplt      0x0800fd70        0x0 c:/ac6/systemworkbench/plugins/fr.ac6.mcu.externaltools.arm-none.win32_1.7.0.201602121829/tools/compiler/bin/../lib/gcc/arm-none-eabi/5.2.1/armv7e-m/fpu/crtbegin.o

.preinit_array  0x0800fd70        0x0
                0x0800fd70                PROVIDE (__preinit_array_start, .)
 *(.preinit_array*)
                0x0800fd70                PROVIDE (__preinit_array_end, .)

.init_array     0x0800fd70        0x8
                0x0800fd70                PROVIDE (__init_array_start, .)
 *(SORT(.init_array.*))
 .init_array.00000
                0x0800fd70        0x4 c:/ac6/systemworkbench/plugins/fr.ac6.mcu.externaltools.arm-none.win32_1.7.0.201602121829/tools/compiler/bin/../lib/gcc/arm-none-eabi/5.2.1/../../../../arm-none-eabi/lib/armv7e-m/fpu\libc.a(lib_a-__call_atexit.o)
 *(.init_array*)
 .init_array    0x0800fd74        0x4 c:/ac6/systemworkbench/plugins/fr.ac6.mcu.externaltools.arm-none.win32_1.7.0.201602121829/tools/compiler/bin/../lib/gcc/arm-none-eabi/5.2.1/armv7e-m/fpu/crtbegin.o
                0x0800fd78                PROVIDE (__init_array_end, .)

.fini_array     0x0800fd78        0x4
                0x0800fd78                PROVIDE (__fini_array_start, .)
 *(SORT(.fini_array.*))
 *(.fini_array*)
 .fini_array    0x0800fd78        0x4 c:/ac6/systemworkbench/plugins/fr.ac6.mcu.externaltools.arm-none.win32_1.7.0.201602121829/tools/compiler/bin/../lib/gcc/arm-none-eabi/5.2.1/armv7e-m/fpu/crtbegin.o
                0x0800fd7c                PROVIDE (__fini_array_end, .)
                0x0800fd7c                _sidata = LOADADDR (.data)

.data           0x20000000      0x8f0 load address 0x0800fd7c
                0x20000000                . = ALIGN (0x4)
                0x20000000                _sdata = .
 *(.data)
 .data          0x20000000        0x8 src/memory.o
 .data          0x20000008       0x14 src/system_stm32f4xx.o
                0x20000008                SystemCoreClock
                0x2000000c                AHBPrescTable
 .data          0x2000001c       0x18 src/value.o
 .data          0x20000034        0xc E:\Lab5\stm32f429i-disco_stdperiph_lib\Debug\libstm32f429i-disco_stdperiph_lib.a(stm32f429i_discovery.o)
                0x20000034                GPIO_PORT
                0x2000003c                BUTTON_PORT
 .data          0x20000040       0x10 E:\Lab5\stm32f429i-disco_stdperiph_lib\Debug\libstm32f429i-disco_stdperiph_lib.a(stm32f4xx_rcc.o)
 *(.data*)
 .data.impure_data
                0x20000050      0x428 c:/ac6/systemworkbench/plugins/fr.ac6.mcu.externaltools.arm-none.win32_1.7.0.201602121829/tools/compiler/bin/../lib/gcc/arm-none-eabi/5.2.1/../../../../arm-none-eabi/lib/armv7e-m/fpu\libc.a(lib_a-impure.o)
 .data._impure_ptr
                0x20000478        0x4 c:/ac6/systemworkbench/plugins/fr.ac6.mcu.externaltools.arm-none.win32_1.7.0.201602121829/tools/compiler/bin/../lib/gcc/arm-none-eabi/5.2.1/../../../../arm-none-eabi/lib/armv7e-m/fpu\libc.a(lib_a-impure.o)
                0x20000478                _impure_ptr
 .data.lconv    0x2000047c       0x38 c:/ac6/systemworkbench/plugins/fr.ac6.mcu.externaltools.arm-none.win32_1.7.0.201602121829/tools/compiler/bin/../lib/gcc/arm-none-eabi/5.2.1/../../../../arm-none-eabi/lib/armv7e-m/fpu\libc.a(lib_a-locale.o)
 .data.lc_ctype_charset
                0x200004b4       0x20 c:/ac6/systemworkbench/plugins/fr.ac6.mcu.externaltools.arm-none.win32_1.7.0.201602121829/tools/compiler/bin/../lib/gcc/arm-none-eabi/5.2.1/../../../../arm-none-eabi/lib/armv7e-m/fpu\libc.a(lib_a-locale.o)
 .data.__mb_cur_max
                0x200004d4        0x4 c:/ac6/systemworkbench/plugins/fr.ac6.mcu.externaltools.arm-none.win32_1.7.0.201602121829/tools/compiler/bin/../lib/gcc/arm-none-eabi/5.2.1/../../../../arm-none-eabi/lib/armv7e-m/fpu\libc.a(lib_a-locale.o)
                0x200004d4                __mb_cur_max
 .data.__malloc_av_
                0x200004d8      0x408 c:/ac6/systemworkbench/plugins/fr.ac6.mcu.externaltools.arm-none.win32_1.7.0.201602121829/tools/compiler/bin/../lib/gcc/arm-none-eabi/5.2.1/../../../../arm-none-eabi/lib/armv7e-m/fpu\libc.a(lib_a-mallocr.o)
                0x200004d8                __malloc_av_
 .data.__malloc_trim_threshold
                0x200008e0        0x4 c:/ac6/systemworkbench/plugins/fr.ac6.mcu.externaltools.arm-none.win32_1.7.0.201602121829/tools/compiler/bin/../lib/gcc/arm-none-eabi/5.2.1/../../../../arm-none-eabi/lib/armv7e-m/fpu\libc.a(lib_a-mallocr.o)
                0x200008e0                __malloc_trim_threshold
 .data.__malloc_sbrk_base
                0x200008e4        0x4 c:/ac6/systemworkbench/plugins/fr.ac6.mcu.externaltools.arm-none.win32_1.7.0.201602121829/tools/compiler/bin/../lib/gcc/arm-none-eabi/5.2.1/../../../../arm-none-eabi/lib/armv7e-m/fpu\libc.a(lib_a-mallocr.o)
                0x200008e4                __malloc_sbrk_base
 .data.__ctype_ptr__
                0x200008e8        0x4 c:/ac6/systemworkbench/plugins/fr.ac6.mcu.externaltools.arm-none.win32_1.7.0.201602121829/tools/compiler/bin/../lib/gcc/arm-none-eabi/5.2.1/../../../../arm-none-eabi/lib/armv7e-m/fpu\libc.a(lib_a-ctype_.o)
                0x200008e8                __ctype_ptr__
 .data.__wctomb
                0x200008ec        0x4 c:/ac6/systemworkbench/plugins/fr.ac6.mcu.externaltools.arm-none.win32_1.7.0.201602121829/tools/compiler/bin/../lib/gcc/arm-none-eabi/5.2.1/../../../../arm-none-eabi/lib/armv7e-m/fpu\libc.a(lib_a-wctomb_r.o)
                0x200008ec                __wctomb
                0x200008f0                . = ALIGN (0x4)
                0x200008f0                _edata = .
                0x0801066c                _siccmram = LOADADDR (.ccmram)

.jcr            0x200008f0        0x0 load address 0x0801066c
 .jcr           0x200008f0        0x0 c:/ac6/systemworkbench/plugins/fr.ac6.mcu.externaltools.arm-none.win32_1.7.0.201602121829/tools/compiler/bin/../lib/gcc/arm-none-eabi/5.2.1/armv7e-m/fpu/crtbegin.o

.tm_clone_table
                0x200008f0        0x0 load address 0x0801066c
 .tm_clone_table
                0x200008f0        0x0 c:/ac6/systemworkbench/plugins/fr.ac6.mcu.externaltools.arm-none.win32_1.7.0.201602121829/tools/compiler/bin/../lib/gcc/arm-none-eabi/5.2.1/armv7e-m/fpu/crtbegin.o
 .tm_clone_table
                0x200008f0        0x0 c:/ac6/systemworkbench/plugins/fr.ac6.mcu.externaltools.arm-none.win32_1.7.0.201602121829/tools/compiler/bin/../lib/gcc/arm-none-eabi/5.2.1/armv7e-m/fpu/crtend.o

.igot.plt       0x200008f0        0x0 load address 0x0801066c
 .igot.plt      0x200008f0        0x0 c:/ac6/systemworkbench/plugins/fr.ac6.mcu.externaltools.arm-none.win32_1.7.0.201602121829/tools/compiler/bin/../lib/gcc/arm-none-eabi/5.2.1/armv7e-m/fpu/crtbegin.o

.ccmram         0x10000000        0x0 load address 0x0801066c
                0x10000000                . = ALIGN (0x4)
                0x10000000                _sccmram = .
 *(.ccmram)
 *(.ccmram*)
                0x10000000                . = ALIGN (0x4)
                0x10000000                _eccmram = .
                0x10000000                . = ALIGN (0x4)

.bss            0x200008f0     0x10a4
                0x200008f0                _sbss = .
                0x200008f0                __bss_start__ = _sbss
 *(.bss)
 .bss           0x200008f0       0x1c c:/ac6/systemworkbench/plugins/fr.ac6.mcu.externaltools.arm-none.win32_1.7.0.201602121829/tools/compiler/bin/../lib/gcc/arm-none-eabi/5.2.1/armv7e-m/fpu/crtbegin.o
 .bss           0x2000090c        0x4 src/hashtable_seed.o
                0x2000090c                hashtable_seed
 .bss           0x20000910       0x10 src/main.o
                0x20000919                str_start_flag
                0x2000091a                mode
 .bss           0x20000920        0x8 src/syscalls.o
                0x20000920                __env
 *(.bss*)
 .bss.__malloc_max_total_mem
                0x20000928        0x4 c:/ac6/systemworkbench/plugins/fr.ac6.mcu.externaltools.arm-none.win32_1.7.0.201602121829/tools/compiler/bin/../lib/gcc/arm-none-eabi/5.2.1/../../../../arm-none-eabi/lib/armv7e-m/fpu\libc.a(lib_a-mallocr.o)
                0x20000928                __malloc_max_total_mem
 .bss.__malloc_max_sbrked_mem
                0x2000092c        0x4 c:/ac6/systemworkbench/plugins/fr.ac6.mcu.externaltools.arm-none.win32_1.7.0.201602121829/tools/compiler/bin/../lib/gcc/arm-none-eabi/5.2.1/../../../../arm-none-eabi/lib/armv7e-m/fpu\libc.a(lib_a-mallocr.o)
                0x2000092c                __malloc_max_sbrked_mem
 .bss.__malloc_top_pad
                0x20000930        0x4 c:/ac6/systemworkbench/plugins/fr.ac6.mcu.externaltools.arm-none.win32_1.7.0.201602121829/tools/compiler/bin/../lib/gcc/arm-none-eabi/5.2.1/../../../../arm-none-eabi/lib/armv7e-m/fpu\libc.a(lib_a-mallocr.o)
                0x20000930                __malloc_top_pad
 .bss.__malloc_current_mallinfo
                0x20000934       0x28 c:/ac6/systemworkbench/plugins/fr.ac6.mcu.externaltools.arm-none.win32_1.7.0.201602121829/tools/compiler/bin/../lib/gcc/arm-none-eabi/5.2.1/../../../../arm-none-eabi/lib/armv7e-m/fpu\libc.a(lib_a-mallocr.o)
                0x20000934                __malloc_current_mallinfo
 *(COMMON)
 COMMON         0x2000095c     0x1034 src/main.o
                0x2000095c                haveString
                0x20000960                receive_buff
                0x20001174                send_buff
                0x20001988                msg
                0x2000198c                topic
 COMMON         0x20001990        0x4 c:/ac6/systemworkbench/plugins/fr.ac6.mcu.externaltools.arm-none.win32_1.7.0.201602121829/tools/compiler/bin/../lib/gcc/arm-none-eabi/5.2.1/../../../../arm-none-eabi/lib/armv7e-m/fpu\libc.a(lib_a-reent.o)
                0x20001990                errno
                0x20001994                . = ALIGN (0x4)
                0x20001994                _ebss = .
                0x20001994                __bss_end__ = _ebss

._user_heap_stack
                0x20001994      0x604
                0x20001998                . = ALIGN (0x8)
 *fill*         0x20001994        0x4 
                0x20001998                PROVIDE (end, .)
                [!provide]                PROVIDE (_end, .)
                0x20001b98                . = (. + _Min_Heap_Size)
 *fill*         0x20001998      0x200 
                0x20001f98                . = (. + _Min_Stack_Size)
 *fill*         0x20001b98      0x400 
                0x20001f98                . = ALIGN (0x8)

/DISCARD/
 libc.a(*)
 libm.a(*)
 libgcc.a(*)

.ARM.attributes
                0x00000000       0x30
 *(.ARM.attributes)
 .ARM.attributes
                0x00000000       0x22 c:/ac6/systemworkbench/plugins/fr.ac6.mcu.externaltools.arm-none.win32_1.7.0.201602121829/tools/compiler/bin/../lib/gcc/arm-none-eabi/5.2.1/armv7e-m/fpu/crti.o
 .ARM.attributes
                0x00000022       0x34 c:/ac6/systemworkbench/plugins/fr.ac6.mcu.externaltools.arm-none.win32_1.7.0.201602121829/tools/compiler/bin/../lib/gcc/arm-none-eabi/5.2.1/armv7e-m/fpu/crtbegin.o
 .ARM.attributes
                0x00000056       0x21 startup/startup_stm32f429_439xx.o
 .ARM.attributes
                0x00000077       0x39 src/USART.o
 .ARM.attributes
                0x000000b0       0x39 src/circ_buff.o
 .ARM.attributes
                0x000000e9       0x39 src/dump.o
 .ARM.attributes
                0x00000122       0x39 src/error.o
 .ARM.attributes
                0x0000015b       0x39 src/hashtable.o
 .ARM.attributes
                0x00000194       0x39 src/hashtable_seed.o
 .ARM.attributes
                0x000001cd       0x39 src/json_coms.o
 .ARM.attributes
                0x00000206       0x39 src/load.o
 .ARM.attributes
                0x0000023f       0x39 src/main.o
 .ARM.attributes
                0x00000278       0x39 src/memory.o
 .ARM.attributes
                0x000002b1       0x39 src/pack_unpack.o
 .ARM.attributes
                0x000002ea       0x39 src/strbuffer.o
 .ARM.attributes
                0x00000323       0x39 src/strconv.o
 .ARM.attributes
                0x0000035c       0x39 src/syscalls.o
 .ARM.attributes
                0x00000395       0x39 src/system_stm32f4xx.o
 .ARM.attributes
                0x000003ce       0x39 src/utf.o
 .ARM.attributes
                0x00000407       0x39 src/value.o
 .ARM.attributes
                0x00000440       0x39 E:\Lab5\stm32f429i-disco_stdperiph_lib\Debug\libstm32f429i-disco_stdperiph_lib.a(stm32f429i_discovery.o)
 .ARM.attributes
                0x00000479       0x39 E:\Lab5\stm32f429i-disco_stdperiph_lib\Debug\libstm32f429i-disco_stdperiph_lib.a(misc.o)
 .ARM.attributes
                0x000004b2       0x39 E:\Lab5\stm32f429i-disco_stdperiph_lib\Debug\libstm32f429i-disco_stdperiph_lib.a(stm32f4xx_exti.o)
 .ARM.attributes
                0x000004eb       0x39 E:\Lab5\stm32f429i-disco_stdperiph_lib\Debug\libstm32f429i-disco_stdperiph_lib.a(stm32f4xx_gpio.o)
 .ARM.attributes
                0x00000524       0x39 E:\Lab5\stm32f429i-disco_stdperiph_lib\Debug\libstm32f429i-disco_stdperiph_lib.a(stm32f4xx_rcc.o)
 .ARM.attributes
                0x0000055d       0x39 E:\Lab5\stm32f429i-disco_stdperiph_lib\Debug\libstm32f429i-disco_stdperiph_lib.a(stm32f4xx_syscfg.o)
 .ARM.attributes
                0x00000596       0x39 E:\Lab5\stm32f429i-disco_stdperiph_lib\Debug\libstm32f429i-disco_stdperiph_lib.a(stm32f4xx_usart.o)
 .ARM.attributes
                0x000005cf       0x22 c:/ac6/systemworkbench/plugins/fr.ac6.mcu.externaltools.arm-none.win32_1.7.0.201602121829/tools/compiler/bin/../lib/gcc/arm-none-eabi/5.2.1/armv7e-m/fpu\libgcc.a(_arm_addsubdf3.o)
 .ARM.attributes
                0x000005f1       0x22 c:/ac6/systemworkbench/plugins/fr.ac6.mcu.externaltools.arm-none.win32_1.7.0.201602121829/tools/compiler/bin/../lib/gcc/arm-none-eabi/5.2.1/armv7e-m/fpu\libgcc.a(_arm_cmpdf2.o)
 .ARM.attributes
                0x00000613       0x22 c:/ac6/systemworkbench/plugins/fr.ac6.mcu.externaltools.arm-none.win32_1.7.0.201602121829/tools/compiler/bin/../lib/gcc/arm-none-eabi/5.2.1/armv7e-m/fpu\libgcc.a(_aeabi_uldivmod.o)
 .ARM.attributes
                0x00000635       0x34 c:/ac6/systemworkbench/plugins/fr.ac6.mcu.externaltools.arm-none.win32_1.7.0.201602121829/tools/compiler/bin/../lib/gcc/arm-none-eabi/5.2.1/armv7e-m/fpu\libgcc.a(_udivmoddi4.o)
 .ARM.attributes
                0x00000669       0x22 c:/ac6/systemworkbench/plugins/fr.ac6.mcu.externaltools.arm-none.win32_1.7.0.201602121829/tools/compiler/bin/../lib/gcc/arm-none-eabi/5.2.1/armv7e-m/fpu\libgcc.a(_dvmd_tls.o)
 .ARM.attributes
                0x0000068b       0x34 c:/ac6/systemworkbench/plugins/fr.ac6.mcu.externaltools.arm-none.win32_1.7.0.201602121829/tools/compiler/bin/../lib/gcc/arm-none-eabi/5.2.1/../../../../arm-none-eabi/lib/armv7e-m/fpu\libc.a(lib_a-assert.o)
 .ARM.attributes
                0x000006bf       0x34 c:/ac6/systemworkbench/plugins/fr.ac6.mcu.externaltools.arm-none.win32_1.7.0.201602121829/tools/compiler/bin/../lib/gcc/arm-none-eabi/5.2.1/../../../../arm-none-eabi/lib/armv7e-m/fpu\libc.a(lib_a-errno.o)
 .ARM.attributes
                0x000006f3       0x34 c:/ac6/systemworkbench/plugins/fr.ac6.mcu.externaltools.arm-none.win32_1.7.0.201602121829/tools/compiler/bin/../lib/gcc/arm-none-eabi/5.2.1/../../../../arm-none-eabi/lib/armv7e-m/fpu\libc.a(lib_a-fclose.o)
 .ARM.attributes
                0x00000727       0x34 c:/ac6/systemworkbench/plugins/fr.ac6.mcu.externaltools.arm-none.win32_1.7.0.201602121829/tools/compiler/bin/../lib/gcc/arm-none-eabi/5.2.1/../../../../arm-none-eabi/lib/armv7e-m/fpu\libc.a(lib_a-fflush.o)
 .ARM.attributes
                0x0000075b       0x34 c:/ac6/systemworkbench/plugins/fr.ac6.mcu.externaltools.arm-none.win32_1.7.0.201602121829/tools/compiler/bin/../lib/gcc/arm-none-eabi/5.2.1/../../../../arm-none-eabi/lib/armv7e-m/fpu\libc.a(lib_a-findfp.o)
 .ARM.attributes
                0x0000078f       0x34 c:/ac6/systemworkbench/plugins/fr.ac6.mcu.externaltools.arm-none.win32_1.7.0.201602121829/tools/compiler/bin/../lib/gcc/arm-none-eabi/5.2.1/../../../../arm-none-eabi/lib/armv7e-m/fpu\libc.a(lib_a-fiprintf.o)
 .ARM.attributes
                0x000007c3       0x34 c:/ac6/systemworkbench/plugins/fr.ac6.mcu.externaltools.arm-none.win32_1.7.0.201602121829/tools/compiler/bin/../lib/gcc/arm-none-eabi/5.2.1/../../../../arm-none-eabi/lib/armv7e-m/fpu\libc.a(lib_a-freer.o)
 .ARM.attributes
                0x000007f7       0x34 c:/ac6/systemworkbench/plugins/fr.ac6.mcu.externaltools.arm-none.win32_1.7.0.201602121829/tools/compiler/bin/../lib/gcc/arm-none-eabi/5.2.1/../../../../arm-none-eabi/lib/armv7e-m/fpu\libc.a(lib_a-fstatr.o)
 .ARM.attributes
                0x0000082b       0x34 c:/ac6/systemworkbench/plugins/fr.ac6.mcu.externaltools.arm-none.win32_1.7.0.201602121829/tools/compiler/bin/../lib/gcc/arm-none-eabi/5.2.1/../../../../arm-none-eabi/lib/armv7e-m/fpu\libc.a(lib_a-fwalk.o)
 .ARM.attributes
                0x0000085f       0x34 c:/ac6/systemworkbench/plugins/fr.ac6.mcu.externaltools.arm-none.win32_1.7.0.201602121829/tools/compiler/bin/../lib/gcc/arm-none-eabi/5.2.1/../../../../arm-none-eabi/lib/armv7e-m/fpu\libc.a(lib_a-impure.o)
 .ARM.attributes
                0x00000893       0x34 c:/ac6/systemworkbench/plugins/fr.ac6.mcu.externaltools.arm-none.win32_1.7.0.201602121829/tools/compiler/bin/../lib/gcc/arm-none-eabi/5.2.1/../../../../arm-none-eabi/lib/armv7e-m/fpu\libc.a(lib_a-init.o)
 .ARM.attributes
                0x000008c7       0x34 c:/ac6/systemworkbench/plugins/fr.ac6.mcu.externaltools.arm-none.win32_1.7.0.201602121829/tools/compiler/bin/../lib/gcc/arm-none-eabi/5.2.1/../../../../arm-none-eabi/lib/armv7e-m/fpu\libc.a(lib_a-locale.o)
 .ARM.attributes
                0x000008fb       0x34 c:/ac6/systemworkbench/plugins/fr.ac6.mcu.externaltools.arm-none.win32_1.7.0.201602121829/tools/compiler/bin/../lib/gcc/arm-none-eabi/5.2.1/../../../../arm-none-eabi/lib/armv7e-m/fpu\libc.a(lib_a-makebuf.o)
 .ARM.attributes
                0x0000092f       0x34 c:/ac6/systemworkbench/plugins/fr.ac6.mcu.externaltools.arm-none.win32_1.7.0.201602121829/tools/compiler/bin/../lib/gcc/arm-none-eabi/5.2.1/../../../../arm-none-eabi/lib/armv7e-m/fpu\libc.a(lib_a-malloc.o)
 .ARM.attributes
                0x00000963       0x34 c:/ac6/systemworkbench/plugins/fr.ac6.mcu.externaltools.arm-none.win32_1.7.0.201602121829/tools/compiler/bin/../lib/gcc/arm-none-eabi/5.2.1/../../../../arm-none-eabi/lib/armv7e-m/fpu\libc.a(lib_a-mallocr.o)
 .ARM.attributes
                0x00000997       0x20 c:/ac6/systemworkbench/plugins/fr.ac6.mcu.externaltools.arm-none.win32_1.7.0.201602121829/tools/compiler/bin/../lib/gcc/arm-none-eabi/5.2.1/../../../../arm-none-eabi/lib/armv7e-m/fpu\libc.a(lib_a-memchr.o)
 .ARM.attributes
                0x000009b7       0x20 c:/ac6/systemworkbench/plugins/fr.ac6.mcu.externaltools.arm-none.win32_1.7.0.201602121829/tools/compiler/bin/../lib/gcc/arm-none-eabi/5.2.1/../../../../arm-none-eabi/lib/armv7e-m/fpu\libc.a(lib_a-memcpy.o)
 .ARM.attributes
                0x000009d7       0x34 c:/ac6/systemworkbench/plugins/fr.ac6.mcu.externaltools.arm-none.win32_1.7.0.201602121829/tools/compiler/bin/../lib/gcc/arm-none-eabi/5.2.1/../../../../arm-none-eabi/lib/armv7e-m/fpu\libc.a(lib_a-memmove.o)
 .ARM.attributes